== run stress profile ==
target_vus=120 ramp_up=20s hold=45s ramp_down=20s

          /\      |‾‾| /‾‾/   /‾‾/   
     /\  /  \     |  |/  /   /  /    
    /  \/    \    |     (   /   ‾‾\  
   /          \   |  |\  \ |  (‾)  | 
  / __________ \  |__| \__\ \_____/ .io

     execution: local
        script: /scripts/k6_products_read.js
        output: -

     scenarios: (100.00%) 1 scenario, 120 max VUs, 1m35s max duration (incl. graceful stop):
              * steady_reads: Up to 120 looping VUs for 1m25s over 3 stages (gracefulRampDown: 10s, gracefulStop: 30s)


running (0m01.0s), 024/120 VUs, 503 complete and 0 interrupted iterations
steady_reads   [   1% ] 024/120 VUs  0m01.0s/1m25.0s

running (0m02.0s), 029/120 VUs, 1411 complete and 0 interrupted iterations
steady_reads   [   2% ] 029/120 VUs  0m02.0s/1m25.0s

running (0m03.0s), 034/120 VUs, 2497 complete and 0 interrupted iterations
steady_reads   [   4% ] 034/120 VUs  0m03.0s/1m25.0s

running (0m04.0s), 039/120 VUs, 3779 complete and 0 interrupted iterations
steady_reads   [   5% ] 039/120 VUs  0m04.0s/1m25.0s

running (0m05.0s), 044/120 VUs, 5262 complete and 0 interrupted iterations
steady_reads   [   6% ] 044/120 VUs  0m05.0s/1m25.0s

running (0m06.0s), 049/120 VUs, 6976 complete and 0 interrupted iterations
steady_reads   [   7% ] 049/120 VUs  0m06.0s/1m25.0s

running (0m07.0s), 054/120 VUs, 8908 complete and 0 interrupted iterations
steady_reads   [   8% ] 054/120 VUs  0m07.0s/1m25.0s

running (0m08.0s), 059/120 VUs, 10869 complete and 0 interrupted iterations
steady_reads   [   9% ] 059/120 VUs  0m08.0s/1m25.0s

running (0m09.0s), 064/120 VUs, 12983 complete and 0 interrupted iterations
steady_reads   [  11% ] 064/120 VUs  0m09.0s/1m25.0s

running (0m10.0s), 069/120 VUs, 15322 complete and 0 interrupted iterations
steady_reads   [  12% ] 069/120 VUs  0m10.0s/1m25.0s

running (0m11.0s), 074/120 VUs, 18010 complete and 0 interrupted iterations
steady_reads   [  13% ] 074/120 VUs  0m11.0s/1m25.0s

running (0m12.0s), 079/120 VUs, 20994 complete and 0 interrupted iterations
steady_reads   [  14% ] 079/120 VUs  0m12.0s/1m25.0s

running (0m13.0s), 084/120 VUs, 24211 complete and 0 interrupted iterations
steady_reads   [  15% ] 084/120 VUs  0m13.0s/1m25.0s

running (0m14.0s), 089/120 VUs, 27700 complete and 0 interrupted iterations
steady_reads   [  16% ] 089/120 VUs  0m14.0s/1m25.0s

running (0m15.0s), 094/120 VUs, 31200 complete and 0 interrupted iterations
steady_reads   [  18% ] 094/120 VUs  0m15.0s/1m25.0s

running (0m16.0s), 099/120 VUs, 34808 complete and 0 interrupted iterations
steady_reads   [  19% ] 099/120 VUs  0m16.0s/1m25.0s

running (0m17.0s), 104/120 VUs, 38760 complete and 0 interrupted iterations
steady_reads   [  20% ] 104/120 VUs  0m17.0s/1m25.0s

running (0m18.0s), 109/120 VUs, 42942 complete and 0 interrupted iterations
steady_reads   [  21% ] 109/120 VUs  0m18.0s/1m25.0s

running (0m19.0s), 114/120 VUs, 47359 complete and 0 interrupted iterations
steady_reads   [  22% ] 114/120 VUs  0m19.0s/1m25.0s

running (0m20.0s), 119/120 VUs, 51782 complete and 0 interrupted iterations
steady_reads   [  24% ] 119/120 VUs  0m20.0s/1m25.0s

running (0m21.0s), 120/120 VUs, 56246 complete and 0 interrupted iterations
steady_reads   [  25% ] 120/120 VUs  0m21.0s/1m25.0s

running (0m22.0s), 120/120 VUs, 60789 complete and 0 interrupted iterations
steady_reads   [  26% ] 120/120 VUs  0m22.0s/1m25.0s

running (0m23.0s), 120/120 VUs, 65352 complete and 0 interrupted iterations
steady_reads   [  27% ] 120/120 VUs  0m23.0s/1m25.0s

running (0m24.0s), 120/120 VUs, 70234 complete and 0 interrupted iterations
steady_reads   [  28% ] 120/120 VUs  0m24.0s/1m25.0s

running (0m25.0s), 120/120 VUs, 75149 complete and 0 interrupted iterations
steady_reads   [  29% ] 120/120 VUs  0m25.0s/1m25.0s

running (0m26.0s), 120/120 VUs, 79700 complete and 0 interrupted iterations
steady_reads   [  31% ] 120/120 VUs  0m26.0s/1m25.0s

running (0m27.0s), 120/120 VUs, 84255 complete and 0 interrupted iterations
steady_reads   [  32% ] 120/120 VUs  0m27.0s/1m25.0s

running (0m28.0s), 120/120 VUs, 89051 complete and 0 interrupted iterations
steady_reads   [  33% ] 120/120 VUs  0m28.0s/1m25.0s

running (0m29.0s), 120/120 VUs, 93766 complete and 0 interrupted iterations
steady_reads   [  34% ] 120/120 VUs  0m29.0s/1m25.0s

running (0m30.0s), 120/120 VUs, 98678 complete and 0 interrupted iterations
steady_reads   [  35% ] 120/120 VUs  0m30.0s/1m25.0s

running (0m31.0s), 120/120 VUs, 103403 complete and 0 interrupted iterations
steady_reads   [  36% ] 120/120 VUs  0m31.0s/1m25.0s

running (0m32.0s), 120/120 VUs, 108346 complete and 0 interrupted iterations
steady_reads   [  38% ] 120/120 VUs  0m32.0s/1m25.0s

running (0m33.0s), 120/120 VUs, 113131 complete and 0 interrupted iterations
steady_reads   [  39% ] 120/120 VUs  0m33.0s/1m25.0s

running (0m34.0s), 120/120 VUs, 118102 complete and 0 interrupted iterations
steady_reads   [  40% ] 120/120 VUs  0m34.0s/1m25.0s

running (0m35.0s), 120/120 VUs, 123027 complete and 0 interrupted iterations
steady_reads   [  41% ] 120/120 VUs  0m35.0s/1m25.0s

running (0m36.0s), 120/120 VUs, 127835 complete and 0 interrupted iterations
steady_reads   [  42% ] 120/120 VUs  0m36.0s/1m25.0s

running (0m37.0s), 120/120 VUs, 132795 complete and 0 interrupted iterations
steady_reads   [  44% ] 120/120 VUs  0m37.0s/1m25.0s

running (0m38.0s), 120/120 VUs, 137618 complete and 0 interrupted iterations
steady_reads   [  45% ] 120/120 VUs  0m38.0s/1m25.0s

running (0m39.0s), 120/120 VUs, 142604 complete and 0 interrupted iterations
steady_reads   [  46% ] 120/120 VUs  0m39.0s/1m25.0s

running (0m40.0s), 120/120 VUs, 147503 complete and 0 interrupted iterations
steady_reads   [  47% ] 120/120 VUs  0m40.0s/1m25.0s

running (0m41.0s), 120/120 VUs, 152379 complete and 0 interrupted iterations
steady_reads   [  48% ] 120/120 VUs  0m41.0s/1m25.0s

running (0m42.0s), 120/120 VUs, 157357 complete and 0 interrupted iterations
steady_reads   [  49% ] 120/120 VUs  0m42.0s/1m25.0s

running (0m43.0s), 120/120 VUs, 162235 complete and 0 interrupted iterations
steady_reads   [  51% ] 120/120 VUs  0m43.0s/1m25.0s

running (0m44.0s), 120/120 VUs, 166840 complete and 0 interrupted iterations
steady_reads   [  52% ] 120/120 VUs  0m44.0s/1m25.0s

running (0m45.0s), 120/120 VUs, 171524 complete and 0 interrupted iterations
steady_reads   [  53% ] 120/120 VUs  0m45.0s/1m25.0s

running (0m46.0s), 120/120 VUs, 176313 complete and 0 interrupted iterations
steady_reads   [  54% ] 120/120 VUs  0m46.0s/1m25.0s

running (0m47.0s), 120/120 VUs, 181250 complete and 0 interrupted iterations
steady_reads   [  55% ] 120/120 VUs  0m47.0s/1m25.0s

running (0m48.0s), 120/120 VUs, 186066 complete and 0 interrupted iterations
steady_reads   [  56% ] 120/120 VUs  0m48.0s/1m25.0s

running (0m49.0s), 120/120 VUs, 190897 complete and 0 interrupted iterations
steady_reads   [  58% ] 120/120 VUs  0m49.0s/1m25.0s

running (0m50.0s), 120/120 VUs, 195716 complete and 0 interrupted iterations
steady_reads   [  59% ] 120/120 VUs  0m50.0s/1m25.0s

running (0m51.0s), 120/120 VUs, 200633 complete and 0 interrupted iterations
steady_reads   [  60% ] 120/120 VUs  0m51.0s/1m25.0s

running (0m52.0s), 120/120 VUs, 205523 complete and 0 interrupted iterations
steady_reads   [  61% ] 120/120 VUs  0m52.0s/1m25.0s

running (0m53.0s), 120/120 VUs, 210367 complete and 0 interrupted iterations
steady_reads   [  62% ] 120/120 VUs  0m53.0s/1m25.0s

running (0m54.0s), 120/120 VUs, 215303 complete and 0 interrupted iterations
steady_reads   [  64% ] 120/120 VUs  0m54.0s/1m25.0s

running (0m55.0s), 120/120 VUs, 220187 complete and 0 interrupted iterations
steady_reads   [  65% ] 120/120 VUs  0m55.0s/1m25.0s

running (0m56.0s), 120/120 VUs, 224953 complete and 0 interrupted iterations
steady_reads   [  66% ] 120/120 VUs  0m56.0s/1m25.0s

running (0m57.0s), 120/120 VUs, 229901 complete and 0 interrupted iterations
steady_reads   [  67% ] 120/120 VUs  0m57.0s/1m25.0s

running (0m58.0s), 120/120 VUs, 234832 complete and 0 interrupted iterations
steady_reads   [  68% ] 120/120 VUs  0m58.0s/1m25.0s

running (0m59.0s), 120/120 VUs, 239747 complete and 0 interrupted iterations
steady_reads   [  69% ] 120/120 VUs  0m59.0s/1m25.0s

running (1m00.0s), 120/120 VUs, 244632 complete and 0 interrupted iterations
steady_reads   [  71% ] 120/120 VUs  1m00.0s/1m25.0s

running (1m01.0s), 120/120 VUs, 248634 complete and 0 interrupted iterations
steady_reads   [  72% ] 120/120 VUs  1m01.0s/1m25.0s

running (1m02.0s), 120/120 VUs, 253023 complete and 0 interrupted iterations
steady_reads   [  73% ] 120/120 VUs  1m02.0s/1m25.0s

running (1m03.0s), 120/120 VUs, 257757 complete and 0 interrupted iterations
steady_reads   [  74% ] 120/120 VUs  1m03.0s/1m25.0s

running (1m04.0s), 120/120 VUs, 262651 complete and 0 interrupted iterations
steady_reads   [  75% ] 120/120 VUs  1m04.0s/1m25.0s

running (1m05.0s), 120/120 VUs, 267474 complete and 0 interrupted iterations
steady_reads   [  76% ] 120/120 VUs  1m05.0s/1m25.0s

running (1m06.0s), 115/120 VUs, 272242 complete and 0 interrupted iterations
steady_reads   [  78% ] 115/120 VUs  1m06.0s/1m25.0s

running (1m07.0s), 109/120 VUs, 276842 complete and 0 interrupted iterations
steady_reads   [  79% ] 109/120 VUs  1m07.0s/1m25.0s

running (1m08.0s), 103/120 VUs, 281306 complete and 0 interrupted iterations
steady_reads   [  80% ] 103/120 VUs  1m08.0s/1m25.0s

running (1m09.0s), 097/120 VUs, 285470 complete and 0 interrupted iterations
steady_reads   [  81% ] 097/120 VUs  1m09.0s/1m25.0s

running (1m10.0s), 091/120 VUs, 289391 complete and 0 interrupted iterations
steady_reads   [  82% ] 091/120 VUs  1m10.0s/1m25.0s

running (1m11.0s), 085/120 VUs, 293079 complete and 0 interrupted iterations
steady_reads   [  84% ] 085/120 VUs  1m11.0s/1m25.0s

running (1m12.0s), 079/120 VUs, 296538 complete and 0 interrupted iterations
steady_reads   [  85% ] 079/120 VUs  1m12.0s/1m25.0s

running (1m13.0s), 073/120 VUs, 299764 complete and 0 interrupted iterations
steady_reads   [  86% ] 073/120 VUs  1m13.0s/1m25.0s

running (1m14.0s), 067/120 VUs, 302732 complete and 0 interrupted iterations
steady_reads   [  87% ] 067/120 VUs  1m14.0s/1m25.0s

running (1m15.0s), 061/120 VUs, 305471 complete and 0 interrupted iterations
steady_reads   [  88% ] 061/120 VUs  1m15.0s/1m25.0s

running (1m16.0s), 055/120 VUs, 307933 complete and 0 interrupted iterations
steady_reads   [  89% ] 055/120 VUs  1m16.0s/1m25.0s

running (1m17.0s), 049/120 VUs, 310110 complete and 0 interrupted iterations
steady_reads   [  91% ] 049/120 VUs  1m17.0s/1m25.0s

running (1m18.0s), 043/120 VUs, 311892 complete and 0 interrupted iterations
steady_reads   [  92% ] 043/120 VUs  1m18.0s/1m25.0s

running (1m19.0s), 037/120 VUs, 313410 complete and 0 interrupted iterations
steady_reads   [  93% ] 037/120 VUs  1m19.0s/1m25.0s

running (1m20.0s), 031/120 VUs, 314746 complete and 0 interrupted iterations
steady_reads   [  94% ] 031/120 VUs  1m20.0s/1m25.0s

running (1m21.0s), 025/120 VUs, 315909 complete and 0 interrupted iterations
steady_reads   [  95% ] 025/120 VUs  1m21.0s/1m25.0s

running (1m22.0s), 019/120 VUs, 316818 complete and 0 interrupted iterations
steady_reads   [  96% ] 019/120 VUs  1m22.0s/1m25.0s

running (1m23.0s), 013/120 VUs, 317477 complete and 0 interrupted iterations
steady_reads   [  98% ] 013/120 VUs  1m23.0s/1m25.0s

running (1m24.0s), 007/120 VUs, 317895 complete and 0 interrupted iterations
steady_reads   [  99% ] 007/120 VUs  1m24.0s/1m25.0s

running (1m25.0s), 001/120 VUs, 318052 complete and 0 interrupted iterations
steady_reads   [ 100% ] 001/120 VUs  1m25.0s/1m25.0s

     ✓ list status 200
     ✓ detail status 200

   ✓ checks.........................: 100.00% ✓ 636106     ✗ 0     
     data_received..................: 2.1 GB  25 MB/s
     data_sent......................: 59 MB   698 kB/s
     http_req_blocked...............: avg=8.77µs   min=0s       med=4.03µs  max=7.05ms   p(90)=6.58µs   p(95)=8.01µs  
     http_req_connecting............: avg=2.88µs   min=0s       med=0s      max=6.96ms   p(90)=0s       p(95)=0s      
     http_req_duration..............: avg=2.21ms   min=122.97µs med=1.7ms   max=149.48ms p(90)=4.22ms   p(95)=5.4ms   
       { expected_response:true }...: avg=2.21ms   min=122.97µs med=1.7ms   max=149.48ms p(90)=4.22ms   p(95)=5.4ms   
   ✓ http_req_failed................: 0.00%   ✓ 0          ✗ 636106
     http_req_receiving.............: avg=122.52µs min=12.44µs  med=55.7µs  max=13.37ms  p(90)=205.08µs p(95)=353.23µs
     http_req_sending...............: avg=19.17µs  min=3.86µs   med=12.21µs max=9.58ms   p(90)=20.62µs  p(95)=33.88µs 
     http_req_tls_handshaking.......: avg=0s       min=0s       med=0s      max=0s       p(90)=0s       p(95)=0s      
     http_req_waiting...............: avg=2.07ms   min=0s       med=1.58ms  max=147.83ms p(90)=4ms      p(95)=5.14ms  
     http_reqs......................: 636106  7482.52792/s
     iteration_duration.............: avg=25.13ms  min=21.08ms  med=24.3ms  max=213.6ms  p(90)=28.95ms  p(95)=30.86ms 
     iterations.....................: 318053  3741.26396/s
     vus............................: 1       min=1        max=120 
     vus_max........................: 120     min=120      max=120 


running (1m25.0s), 000/120 VUs, 318053 complete and 0 interrupted iterations
steady_reads ✓ [ 100% ] 000/120 VUs  1m25s

== parsed summary ==
avg_ms=2.21
p90_ms=4.23
p95_ms=5.41
max_ms=149.49
rps=7482.53
http_failed_rate=0.000000
