20:43:50.919 [main] INFO org.springframework.test.context.support.AnnotationConfigContextLoaderUtils -- Could not detect default configuration classes for test class [com.parallelcart.DailySalesBatchBeforeAfterComparisonTest]: DailySalesBatchBeforeAfterComparisonTest does not declare any static, non-private, non-final, nested classes annotated with @Configuration.
20:43:50.976 [main] INFO org.springframework.boot.test.context.SpringBootTestContextBootstrapper -- Found @SpringBootConfiguration com.parallelcart.ParallelCartApplication for test class com.parallelcart.DailySalesBatchBeforeAfterComparisonTest

  .   ____          _            __ _ _
 /\\ / ___'_ __ _ _(_)_ __  __ _ \ \ \ \
( ( )\___ | '_ | '_| | '_ \/ _` | \ \ \ \
 \\/  ___)| |_)| | | | | || (_| |  ) ) ) )
  '  |____| .__|_| |_|_| |_\__, | / / / /
 =========|_|==============|___/=/_/_/_/

 :: Spring Boot ::               (v3.5.14)

2026-05-18T20:43:51.220+03:00  INFO 498672 --- [parallel-cart] [           main] DailySalesBatchBeforeAfterComparisonTest : Starting DailySalesBatchBeforeAfterComparisonTest using Java 21.0.10 with PID 498672 (started by teto in /home/teto/dev_code/parallel-cart)
2026-05-18T20:43:51.221+03:00  INFO 498672 --- [parallel-cart] [           main] DailySalesBatchBeforeAfterComparisonTest : The following 1 profile is active: "test"
2026-05-18T20:43:51.788+03:00  INFO 498672 --- [parallel-cart] [           main] .s.d.r.c.RepositoryConfigurationDelegate : Multiple Spring Data modules found, entering strict repository configuration mode
2026-05-18T20:43:51.789+03:00  INFO 498672 --- [parallel-cart] [           main] .s.d.r.c.RepositoryConfigurationDelegate : Bootstrapping Spring Data JPA repositories in DEFAULT mode.
2026-05-18T20:43:51.888+03:00  INFO 498672 --- [parallel-cart] [           main] .s.d.r.c.RepositoryConfigurationDelegate : Finished Spring Data repository scanning in 93 ms. Found 12 JPA repository interfaces.
2026-05-18T20:43:51.897+03:00  INFO 498672 --- [parallel-cart] [           main] .s.d.r.c.RepositoryConfigurationDelegate : Multiple Spring Data modules found, entering strict repository configuration mode
2026-05-18T20:43:51.898+03:00  INFO 498672 --- [parallel-cart] [           main] .s.d.r.c.RepositoryConfigurationDelegate : Bootstrapping Spring Data Redis repositories in DEFAULT mode.
2026-05-18T20:43:51.907+03:00  INFO 498672 --- [parallel-cart] [           main] .RepositoryConfigurationExtensionSupport : Spring Data Redis - Could not safely identify store assignment for repository candidate interface com.parallelcart.infra.repository.BatchJobCheckpointRepository; If you want this repository to be a Redis repository, consider annotating your entities with one of these annotations: org.springframework.data.redis.core.RedisHash (preferred), or consider extending one of the following types with your repository: org.springframework.data.keyvalue.repository.KeyValueRepository
2026-05-18T20:43:51.908+03:00  INFO 498672 --- [parallel-cart] [           main] .RepositoryConfigurationExtensionSupport : Spring Data Redis - Could not safely identify store assignment for repository candidate interface com.parallelcart.infra.repository.CartItemRepository; If you want this repository to be a Redis repository, consider annotating your entities with one of these annotations: org.springframework.data.redis.core.RedisHash (preferred), or consider extending one of the following types with your repository: org.springframework.data.keyvalue.repository.KeyValueRepository
2026-05-18T20:43:51.908+03:00  INFO 498672 --- [parallel-cart] [           main] .RepositoryConfigurationExtensionSupport : Spring Data Redis - Could not safely identify store assignment for repository candidate interface com.parallelcart.infra.repository.CartRepository; If you want this repository to be a Redis repository, consider annotating your entities with one of these annotations: org.springframework.data.redis.core.RedisHash (preferred), or consider extending one of the following types with your repository: org.springframework.data.keyvalue.repository.KeyValueRepository
2026-05-18T20:43:51.908+03:00  INFO 498672 --- [parallel-cart] [           main] .RepositoryConfigurationExtensionSupport : Spring Data Redis - Could not safely identify store assignment for repository candidate interface com.parallelcart.infra.repository.DailySalesAggregateRepository; If you want this repository to be a Redis repository, consider annotating your entities with one of these annotations: org.springframework.data.redis.core.RedisHash (preferred), or consider extending one of the following types with your repository: org.springframework.data.keyvalue.repository.KeyValueRepository
2026-05-18T20:43:51.908+03:00  INFO 498672 --- [parallel-cart] [           main] .RepositoryConfigurationExtensionSupport : Spring Data Redis - Could not safely identify store assignment for repository candidate interface com.parallelcart.infra.repository.InventoryRepository; If you want this repository to be a Redis repository, consider annotating your entities with one of these annotations: org.springframework.data.redis.core.RedisHash (preferred), or consider extending one of the following types with your repository: org.springframework.data.keyvalue.repository.KeyValueRepository
2026-05-18T20:43:51.908+03:00  INFO 498672 --- [parallel-cart] [           main] .RepositoryConfigurationExtensionSupport : Spring Data Redis - Could not safely identify store assignment for repository candidate interface com.parallelcart.infra.repository.InvoiceRepository; If you want this repository to be a Redis repository, consider annotating your entities with one of these annotations: org.springframework.data.redis.core.RedisHash (preferred), or consider extending one of the following types with your repository: org.springframework.data.keyvalue.repository.KeyValueRepository
2026-05-18T20:43:51.909+03:00  INFO 498672 --- [parallel-cart] [           main] .RepositoryConfigurationExtensionSupport : Spring Data Redis - Could not safely identify store assignment for repository candidate interface com.parallelcart.infra.repository.NotificationLogRepository; If you want this repository to be a Redis repository, consider annotating your entities with one of these annotations: org.springframework.data.redis.core.RedisHash (preferred), or consider extending one of the following types with your repository: org.springframework.data.keyvalue.repository.KeyValueRepository
2026-05-18T20:43:51.909+03:00  INFO 498672 --- [parallel-cart] [           main] .RepositoryConfigurationExtensionSupport : Spring Data Redis - Could not safely identify store assignment for repository candidate interface com.parallelcart.infra.repository.OrderRepository; If you want this repository to be a Redis repository, consider annotating your entities with one of these annotations: org.springframework.data.redis.core.RedisHash (preferred), or consider extending one of the following types with your repository: org.springframework.data.keyvalue.repository.KeyValueRepository
2026-05-18T20:43:51.909+03:00  INFO 498672 --- [parallel-cart] [           main] .RepositoryConfigurationExtensionSupport : Spring Data Redis - Could not safely identify store assignment for repository candidate interface com.parallelcart.infra.repository.OutboxEventRepository; If you want this repository to be a Redis repository, consider annotating your entities with one of these annotations: org.springframework.data.redis.core.RedisHash (preferred), or consider extending one of the following types with your repository: org.springframework.data.keyvalue.repository.KeyValueRepository
2026-05-18T20:43:51.909+03:00  INFO 498672 --- [parallel-cart] [           main] .RepositoryConfigurationExtensionSupport : Spring Data Redis - Could not safely identify store assignment for repository candidate interface com.parallelcart.infra.repository.PaymentRepository; If you want this repository to be a Redis repository, consider annotating your entities with one of these annotations: org.springframework.data.redis.core.RedisHash (preferred), or consider extending one of the following types with your repository: org.springframework.data.keyvalue.repository.KeyValueRepository
2026-05-18T20:43:51.909+03:00  INFO 498672 --- [parallel-cart] [           main] .RepositoryConfigurationExtensionSupport : Spring Data Redis - Could not safely identify store assignment for repository candidate interface com.parallelcart.infra.repository.ProductRepository; If you want this repository to be a Redis repository, consider annotating your entities with one of these annotations: org.springframework.data.redis.core.RedisHash (preferred), or consider extending one of the following types with your repository: org.springframework.data.keyvalue.repository.KeyValueRepository
2026-05-18T20:43:51.910+03:00  INFO 498672 --- [parallel-cart] [           main] .RepositoryConfigurationExtensionSupport : Spring Data Redis - Could not safely identify store assignment for repository candidate interface com.parallelcart.infra.repository.UserRepository; If you want this repository to be a Redis repository, consider annotating your entities with one of these annotations: org.springframework.data.redis.core.RedisHash (preferred), or consider extending one of the following types with your repository: org.springframework.data.keyvalue.repository.KeyValueRepository
2026-05-18T20:43:51.911+03:00  INFO 498672 --- [parallel-cart] [           main] .s.d.r.c.RepositoryConfigurationDelegate : Finished Spring Data repository scanning in 7 ms. Found 0 Redis repository interfaces.
2026-05-18T20:43:52.317+03:00  INFO 498672 --- [parallel-cart] [           main] o.hibernate.jpa.internal.util.LogHelper  : HHH000204: Processing PersistenceUnitInfo [name: default]
2026-05-18T20:43:52.344+03:00  INFO 498672 --- [parallel-cart] [           main] org.hibernate.Version                    : HHH000412: Hibernate ORM core version 6.6.49.Final
2026-05-18T20:43:52.361+03:00  INFO 498672 --- [parallel-cart] [           main] o.h.c.internal.RegionFactoryInitiator    : HHH000026: Second-level cache disabled
2026-05-18T20:43:52.480+03:00  INFO 498672 --- [parallel-cart] [           main] o.s.o.j.p.SpringPersistenceUnitInfo      : No LoadTimeWeaver setup: ignoring JPA class transformer
2026-05-18T20:43:52.491+03:00  INFO 498672 --- [parallel-cart] [           main] com.zaxxer.hikari.HikariDataSource       : HikariPool-1 - Starting...
2026-05-18T20:43:52.576+03:00  INFO 498672 --- [parallel-cart] [           main] com.zaxxer.hikari.pool.HikariPool        : HikariPool-1 - Added connection conn0: url=jdbc:h2:mem:parallelcart_test user=SA
2026-05-18T20:43:52.578+03:00  INFO 498672 --- [parallel-cart] [           main] com.zaxxer.hikari.HikariDataSource       : HikariPool-1 - Start completed.
2026-05-18T20:43:52.606+03:00  INFO 498672 --- [parallel-cart] [           main] org.hibernate.orm.connections.pooling    : HHH10001005: Database info:
	Database JDBC URL [Connecting through datasource 'HikariDataSource (HikariPool-1)']
	Database driver: undefined/unknown
	Database version: 2.3.232
	Autocommit mode: undefined/unknown
	Isolation level: undefined/unknown
	Minimum pool size: undefined/unknown
	Maximum pool size: undefined/unknown
2026-05-18T20:43:53.283+03:00  INFO 498672 --- [parallel-cart] [           main] o.h.e.t.j.p.i.JtaPlatformInitiator       : HHH000489: No JTA platform available (set 'hibernate.transaction.jta.platform' to enable JTA platform integration)
2026-05-18T20:43:53.336+03:00  INFO 498672 --- [parallel-cart] [           main] j.LocalContainerEntityManagerFactoryBean : Initialized JPA EntityManagerFactory for persistence unit 'default'
2026-05-18T20:43:53.549+03:00  INFO 498672 --- [parallel-cart] [           main] o.s.d.j.r.query.QueryEnhancerFactory     : Hibernate is in classpath; If applicable, HQL parser will be used.
2026-05-18T20:43:53.929+03:00  WARN 498672 --- [parallel-cart] [           main] .s.s.UserDetailsServiceAutoConfiguration : 

Using generated security password: a2f9942d-5f79-4be0-a4c6-1718c24a4e25

This generated password is for development use only. Your security configuration must be updated before running your application in production.

2026-05-18T20:43:53.933+03:00  INFO 498672 --- [parallel-cart] [           main] r$InitializeUserDetailsManagerConfigurer : Global AuthenticationManager configured with UserDetailsService bean with name inMemoryUserDetailsManager
2026-05-18T20:43:54.285+03:00  INFO 498672 --- [parallel-cart] [           main] o.s.b.a.e.web.EndpointLinksResolver      : Exposing 3 endpoints beneath base path '/actuator'
2026-05-18T20:43:54.720+03:00  INFO 498672 --- [parallel-cart] [           main] DailySalesBatchBeforeAfterComparisonTest : Started DailySalesBatchBeforeAfterComparisonTest in 3.667 seconds (process running for 4.146)
Batch baseline summary: mode=single-pass, records=23, chunkSize=ALL, checkpoint=NONE, durationMs=22
Batch chunked summary: mode=chunked-resume, records=23, chunkSize=5, firstRunCompleted=false, firstRunProcessed=5, finalCheckpoint=COMPLETED, durationMs=36
2026-05-18T20:43:55.597+03:00  INFO 498672 --- [parallel-cart] [           main] t.c.s.AnnotationConfigContextLoaderUtils : Could not detect default configuration classes for test class [com.parallelcart.DailySalesBatchServiceTest]: DailySalesBatchServiceTest does not declare any static, non-private, non-final, nested classes annotated with @Configuration.
2026-05-18T20:43:55.598+03:00  INFO 498672 --- [parallel-cart] [           main] .b.t.c.SpringBootTestContextBootstrapper : Found @SpringBootConfiguration com.parallelcart.ParallelCartApplication for test class com.parallelcart.DailySalesBatchServiceTest

  .   ____          _            __ _ _
 /\\ / ___'_ __ _ _(_)_ __  __ _ \ \ \ \
( ( )\___ | '_ | '_| | '_ \/ _` | \ \ \ \
 \\/  ___)| |_)| | | | | || (_| |  ) ) ) )
  '  |____| .__|_| |_|_| |_\__, | / / / /
 =========|_|==============|___/=/_/_/_/

 :: Spring Boot ::               (v3.5.14)

2026-05-18T20:43:55.622+03:00  INFO 498672 --- [parallel-cart] [           main] c.p.DailySalesBatchServiceTest           : Starting DailySalesBatchServiceTest using Java 21.0.10 with PID 498672 (started by teto in /home/teto/dev_code/parallel-cart)
2026-05-18T20:43:55.622+03:00  INFO 498672 --- [parallel-cart] [           main] c.p.DailySalesBatchServiceTest           : The following 1 profile is active: "test"
2026-05-18T20:43:55.801+03:00  INFO 498672 --- [parallel-cart] [           main] .s.d.r.c.RepositoryConfigurationDelegate : Multiple Spring Data modules found, entering strict repository configuration mode
2026-05-18T20:43:55.802+03:00  INFO 498672 --- [parallel-cart] [           main] .s.d.r.c.RepositoryConfigurationDelegate : Bootstrapping Spring Data JPA repositories in DEFAULT mode.
2026-05-18T20:43:55.810+03:00  INFO 498672 --- [parallel-cart] [           main] .s.d.r.c.RepositoryConfigurationDelegate : Finished Spring Data repository scanning in 7 ms. Found 12 JPA repository interfaces.
2026-05-18T20:43:55.811+03:00  INFO 498672 --- [parallel-cart] [           main] .s.d.r.c.RepositoryConfigurationDelegate : Multiple Spring Data modules found, entering strict repository configuration mode
2026-05-18T20:43:55.811+03:00  INFO 498672 --- [parallel-cart] [           main] .s.d.r.c.RepositoryConfigurationDelegate : Bootstrapping Spring Data Redis repositories in DEFAULT mode.
2026-05-18T20:43:55.814+03:00  INFO 498672 --- [parallel-cart] [           main] .RepositoryConfigurationExtensionSupport : Spring Data Redis - Could not safely identify store assignment for repository candidate interface com.parallelcart.infra.repository.BatchJobCheckpointRepository; If you want this repository to be a Redis repository, consider annotating your entities with one of these annotations: org.springframework.data.redis.core.RedisHash (preferred), or consider extending one of the following types with your repository: org.springframework.data.keyvalue.repository.KeyValueRepository
2026-05-18T20:43:55.814+03:00  INFO 498672 --- [parallel-cart] [           main] .RepositoryConfigurationExtensionSupport : Spring Data Redis - Could not safely identify store assignment for repository candidate interface com.parallelcart.infra.repository.CartItemRepository; If you want this repository to be a Redis repository, consider annotating your entities with one of these annotations: org.springframework.data.redis.core.RedisHash (preferred), or consider extending one of the following types with your repository: org.springframework.data.keyvalue.repository.KeyValueRepository
2026-05-18T20:43:55.814+03:00  INFO 498672 --- [parallel-cart] [           main] .RepositoryConfigurationExtensionSupport : Spring Data Redis - Could not safely identify store assignment for repository candidate interface com.parallelcart.infra.repository.CartRepository; If you want this repository to be a Redis repository, consider annotating your entities with one of these annotations: org.springframework.data.redis.core.RedisHash (preferred), or consider extending one of the following types with your repository: org.springframework.data.keyvalue.repository.KeyValueRepository
2026-05-18T20:43:55.814+03:00  INFO 498672 --- [parallel-cart] [           main] .RepositoryConfigurationExtensionSupport : Spring Data Redis - Could not safely identify store assignment for repository candidate interface com.parallelcart.infra.repository.DailySalesAggregateRepository; If you want this repository to be a Redis repository, consider annotating your entities with one of these annotations: org.springframework.data.redis.core.RedisHash (preferred), or consider extending one of the following types with your repository: org.springframework.data.keyvalue.repository.KeyValueRepository
2026-05-18T20:43:55.814+03:00  INFO 498672 --- [parallel-cart] [           main] .RepositoryConfigurationExtensionSupport : Spring Data Redis - Could not safely identify store assignment for repository candidate interface com.parallelcart.infra.repository.InventoryRepository; If you want this repository to be a Redis repository, consider annotating your entities with one of these annotations: org.springframework.data.redis.core.RedisHash (preferred), or consider extending one of the following types with your repository: org.springframework.data.keyvalue.repository.KeyValueRepository
2026-05-18T20:43:55.814+03:00  INFO 498672 --- [parallel-cart] [           main] .RepositoryConfigurationExtensionSupport : Spring Data Redis - Could not safely identify store assignment for repository candidate interface com.parallelcart.infra.repository.InvoiceRepository; If you want this repository to be a Redis repository, consider annotating your entities with one of these annotations: org.springframework.data.redis.core.RedisHash (preferred), or consider extending one of the following types with your repository: org.springframework.data.keyvalue.repository.KeyValueRepository
2026-05-18T20:43:55.814+03:00  INFO 498672 --- [parallel-cart] [           main] .RepositoryConfigurationExtensionSupport : Spring Data Redis - Could not safely identify store assignment for repository candidate interface com.parallelcart.infra.repository.NotificationLogRepository; If you want this repository to be a Redis repository, consider annotating your entities with one of these annotations: org.springframework.data.redis.core.RedisHash (preferred), or consider extending one of the following types with your repository: org.springframework.data.keyvalue.repository.KeyValueRepository
2026-05-18T20:43:55.814+03:00  INFO 498672 --- [parallel-cart] [           main] .RepositoryConfigurationExtensionSupport : Spring Data Redis - Could not safely identify store assignment for repository candidate interface com.parallelcart.infra.repository.OrderRepository; If you want this repository to be a Redis repository, consider annotating your entities with one of these annotations: org.springframework.data.redis.core.RedisHash (preferred), or consider extending one of the following types with your repository: org.springframework.data.keyvalue.repository.KeyValueRepository
2026-05-18T20:43:55.814+03:00  INFO 498672 --- [parallel-cart] [           main] .RepositoryConfigurationExtensionSupport : Spring Data Redis - Could not safely identify store assignment for repository candidate interface com.parallelcart.infra.repository.OutboxEventRepository; If you want this repository to be a Redis repository, consider annotating your entities with one of these annotations: org.springframework.data.redis.core.RedisHash (preferred), or consider extending one of the following types with your repository: org.springframework.data.keyvalue.repository.KeyValueRepository
2026-05-18T20:43:55.815+03:00  INFO 498672 --- [parallel-cart] [           main] .RepositoryConfigurationExtensionSupport : Spring Data Redis - Could not safely identify store assignment for repository candidate interface com.parallelcart.infra.repository.PaymentRepository; If you want this repository to be a Redis repository, consider annotating your entities with one of these annotations: org.springframework.data.redis.core.RedisHash (preferred), or consider extending one of the following types with your repository: org.springframework.data.keyvalue.repository.KeyValueRepository
2026-05-18T20:43:55.815+03:00  INFO 498672 --- [parallel-cart] [           main] .RepositoryConfigurationExtensionSupport : Spring Data Redis - Could not safely identify store assignment for repository candidate interface com.parallelcart.infra.repository.ProductRepository; If you want this repository to be a Redis repository, consider annotating your entities with one of these annotations: org.springframework.data.redis.core.RedisHash (preferred), or consider extending one of the following types with your repository: org.springframework.data.keyvalue.repository.KeyValueRepository
2026-05-18T20:43:55.815+03:00  INFO 498672 --- [parallel-cart] [           main] .RepositoryConfigurationExtensionSupport : Spring Data Redis - Could not safely identify store assignment for repository candidate interface com.parallelcart.infra.repository.UserRepository; If you want this repository to be a Redis repository, consider annotating your entities with one of these annotations: org.springframework.data.redis.core.RedisHash (preferred), or consider extending one of the following types with your repository: org.springframework.data.keyvalue.repository.KeyValueRepository
2026-05-18T20:43:55.815+03:00  INFO 498672 --- [parallel-cart] [           main] .s.d.r.c.RepositoryConfigurationDelegate : Finished Spring Data repository scanning in 2 ms. Found 0 Redis repository interfaces.
2026-05-18T20:43:55.871+03:00  INFO 498672 --- [parallel-cart] [           main] o.hibernate.jpa.internal.util.LogHelper  : HHH000204: Processing PersistenceUnitInfo [name: default]
2026-05-18T20:43:55.873+03:00  INFO 498672 --- [parallel-cart] [           main] o.h.c.internal.RegionFactoryInitiator    : HHH000026: Second-level cache disabled
2026-05-18T20:43:55.881+03:00  INFO 498672 --- [parallel-cart] [           main] o.s.o.j.p.SpringPersistenceUnitInfo      : No LoadTimeWeaver setup: ignoring JPA class transformer
2026-05-18T20:43:55.882+03:00  INFO 498672 --- [parallel-cart] [           main] com.zaxxer.hikari.HikariDataSource       : HikariPool-2 - Starting...
2026-05-18T20:43:55.884+03:00  INFO 498672 --- [parallel-cart] [           main] com.zaxxer.hikari.pool.HikariPool        : HikariPool-2 - Added connection conn10: url=jdbc:h2:mem:parallelcart_test user=SA
2026-05-18T20:43:55.884+03:00  INFO 498672 --- [parallel-cart] [           main] com.zaxxer.hikari.HikariDataSource       : HikariPool-2 - Start completed.
2026-05-18T20:43:55.885+03:00  INFO 498672 --- [parallel-cart] [           main] org.hibernate.orm.connections.pooling    : HHH10001005: Database info:
	Database JDBC URL [Connecting through datasource 'HikariDataSource (HikariPool-2)']
	Database driver: undefined/unknown
	Database version: 2.3.232
	Autocommit mode: undefined/unknown
	Isolation level: undefined/unknown
	Minimum pool size: undefined/unknown
	Maximum pool size: undefined/unknown
2026-05-18T20:43:55.944+03:00  INFO 498672 --- [parallel-cart] [           main] o.h.e.t.j.p.i.JtaPlatformInitiator       : HHH000489: No JTA platform available (set 'hibernate.transaction.jta.platform' to enable JTA platform integration)
2026-05-18T20:43:55.959+03:00  INFO 498672 --- [parallel-cart] [           main] j.LocalContainerEntityManagerFactoryBean : Initialized JPA EntityManagerFactory for persistence unit 'default'
2026-05-18T20:43:56.067+03:00  WARN 498672 --- [parallel-cart] [           main] .s.s.UserDetailsServiceAutoConfiguration : 

Using generated security password: 620c35a4-bcc3-4b1b-9294-f8fbdda4d57d

This generated password is for development use only. Your security configuration must be updated before running your application in production.

2026-05-18T20:43:56.067+03:00  INFO 498672 --- [parallel-cart] [           main] r$InitializeUserDetailsManagerConfigurer : Global AuthenticationManager configured with UserDetailsService bean with name inMemoryUserDetailsManager
2026-05-18T20:43:56.119+03:00  INFO 498672 --- [parallel-cart] [           main] o.s.b.a.e.web.EndpointLinksResolver      : Exposing 3 endpoints beneath base path '/actuator'
2026-05-18T20:43:56.227+03:00  INFO 498672 --- [parallel-cart] [           main] c.p.DailySalesBatchServiceTest           : Started DailySalesBatchServiceTest in 0.625 seconds (process running for 5.653)
