== FT1 Req5: Load Distribution ==
[step] Single-instance baseline with docker-compose.yml
 Container parallel-cart-app Stopping 
 Container parallel-cart-app Stopped 
 Container parallel-cart-app Removing 
 Container parallel-cart-app Removed 
 Container parallel-cart-postgres Stopping 
 Container parallel-cart-redis Stopping 
 Container parallel-cart-kafka Stopping 
 Container parallel-cart-redis Stopped 
 Container parallel-cart-redis Removing 
 Container parallel-cart-redis Removed 
 Container parallel-cart-postgres Stopped 
 Container parallel-cart-postgres Removing 
 Container parallel-cart-postgres Removed 
 Container parallel-cart-kafka Stopped 
 Container parallel-cart-kafka Removing 
 Container parallel-cart-kafka Removed 
 Container parallel-cart-zookeeper Stopping 
 Container parallel-cart-zookeeper Stopped 
 Container parallel-cart-zookeeper Removing 
 Container parallel-cart-zookeeper Removed 
 Volume parallel-cart_redis_data Removing 
 Volume parallel-cart_postgres_data Removing 
 Volume parallel-cart_kafka_data Removing 
 Network parallel-cart_default Removing 
 Volume parallel-cart_postgres_data Removed 
 Volume parallel-cart_kafka_data Removed 
 Volume parallel-cart_redis_data Removed 
 Network parallel-cart_default Removed 
 Image parallel-cart-app Building 
#1 [internal] load local bake definitions
#1 reading from stdin 518B done
#1 DONE 0.0s

#2 [internal] load build definition from Dockerfile
#2 transferring dockerfile:
#2 transferring dockerfile: 608B done
#2 DONE 0.0s

#3 resolve image config for docker-image://docker.io/docker/dockerfile:1.7
#3 DONE 1.2s

#4 docker-image://docker.io/docker/dockerfile:1.7@sha256:a57df69d0ea827fb7266491f2813635de6f17269be881f696fbfdf2d83dda33e
#4 CACHED

#5 [internal] load metadata for docker.io/library/eclipse-temurin:21-jre
#5 ...

#6 [internal] load metadata for docker.io/library/eclipse-temurin:21-jdk
#6 DONE 1.0s

#5 [internal] load metadata for docker.io/library/eclipse-temurin:21-jre
#5 DONE 1.0s

#7 [internal] load .dockerignore
#7 transferring context: 245B done
#7 DONE 0.0s

#8 [build 1/9] FROM docker.io/library/eclipse-temurin:21-jdk@sha256:b9142586f9712700c6c9e07adcedfb18608b1a3a056e4001423a3354adfa9d80
#8 DONE 0.0s

#9 [runtime 1/3] FROM docker.io/library/eclipse-temurin:21-jre@sha256:010e0a06bd4e0184dec58626afb3ba727b42c56c91b977e2f0a9e0837e0fa3fb
#9 DONE 0.0s

#10 [internal] load build context
#10 transferring context: 8.90kB done
#10 DONE 0.0s

#11 [build 5/9] COPY pom.xml pom.xml
#11 CACHED

#12 [build 2/9] WORKDIR /workspace
#12 CACHED

#13 [build 4/9] COPY .mvn .mvn
#13 CACHED

#14 [build 9/9] RUN --mount=type=cache,target=/root/.m2 ./mvnw -DskipTests package
#14 CACHED

#15 [build 6/9] RUN chmod +x mvnw
#15 CACHED

#16 [build 8/9] COPY src src
#16 CACHED

#17 [runtime 2/3] WORKDIR /app
#17 CACHED

#18 [build 3/9] COPY mvnw mvnw
#18 CACHED

#19 [build 7/9] RUN --mount=type=cache,target=/root/.m2 ./mvnw -DskipTests dependency:go-offline
#19 CACHED

#20 [runtime 3/3] COPY --from=build /workspace/target/parallel-cart-0.0.1-SNAPSHOT.jar app.jar
#20 CACHED

#21 exporting to image
#21 exporting layers done
#21 writing image sha256:44722153fb4d5dd8c90d04274ba2bc71ed2429d4746ebe650d39a9786ad11e6d done
#21 naming to docker.io/library/parallel-cart-app done
#21 DONE 0.0s

#22 resolving provenance for metadata file
#22 DONE 0.0s
 Image parallel-cart-app Built 
 Network parallel-cart_default Creating 
 Network parallel-cart_default Created 
 Volume parallel-cart_postgres_data Creating 
 Volume parallel-cart_postgres_data Created 
 Volume parallel-cart_redis_data Creating 
 Volume parallel-cart_redis_data Created 
 Volume parallel-cart_kafka_data Creating 
 Volume parallel-cart_kafka_data Created 
 Container parallel-cart-postgres Creating 
 Container parallel-cart-redis Creating 
 Container parallel-cart-zookeeper Creating 
 Container parallel-cart-postgres Created 
 Container parallel-cart-redis Created 
 Container parallel-cart-zookeeper Created 
 Container parallel-cart-kafka Creating 
 Container parallel-cart-kafka Created 
 Container parallel-cart-app Creating 
 Container parallel-cart-app Created 
 Container parallel-cart-zookeeper Starting 
 Container parallel-cart-postgres Starting 
 Container parallel-cart-redis Starting 
 Container parallel-cart-redis Started 
 Container parallel-cart-zookeeper Started 
 Container parallel-cart-kafka Starting 
 Container parallel-cart-postgres Started 
 Container parallel-cart-kafka Started 
 Container parallel-cart-kafka Waiting 
 Container parallel-cart-postgres Waiting 
 Container parallel-cart-redis Waiting 
 Container parallel-cart-redis Healthy 
 Container parallel-cart-postgres Healthy 
 Container parallel-cart-kafka Healthy 
 Container parallel-cart-app Starting 
 Container parallel-cart-app Started 

[single-instance]
requests=40
success=40
failed=0
success_rate=100.00%
avg_latency_seconds=0.0070
instance_count[27ea6e693965]=40

[step] Load-balanced mode with docker-compose.load.yml (nginx round-robin)
 Container parallel-cart-app Stopping 
 Container parallel-cart-app Stopped 
 Container parallel-cart-app Removing 
 Container parallel-cart-app Removed 
 Container parallel-cart-redis Stopping 
 Container parallel-cart-kafka Stopping 
 Container parallel-cart-postgres Stopping 
 Container parallel-cart-redis Stopped 
 Container parallel-cart-redis Removing 
 Container parallel-cart-redis Removed 
 Container parallel-cart-postgres Stopped 
 Container parallel-cart-postgres Removing 
 Container parallel-cart-postgres Removed 
 Container parallel-cart-kafka Stopped 
 Container parallel-cart-kafka Removing 
 Container parallel-cart-kafka Removed 
 Container parallel-cart-zookeeper Stopping 
 Container parallel-cart-zookeeper Stopped 
 Container parallel-cart-zookeeper Removing 
 Container parallel-cart-zookeeper Removed 
 Volume parallel-cart_kafka_data Removing 
 Volume parallel-cart_redis_data Removing 
 Volume parallel-cart_postgres_data Removing 
 Network parallel-cart_default Removing 
 Volume parallel-cart_redis_data Removed 
 Volume parallel-cart_postgres_data Removed 
 Volume parallel-cart_kafka_data Removed 
 Network parallel-cart_default Removed 
 Image parallel-cart-app-1 Building 
 Image parallel-cart-app Building 
 Image parallel-cart-app-2 Building 
#1 [internal] load local bake definitions
#1 reading from stdin 1.40kB done
#1 DONE 0.0s

#2 [app internal] load build definition from Dockerfile
#2 transferring dockerfile: 608B done
#2 DONE 0.0s

#3 [app-1] resolve image config for docker-image://docker.io/docker/dockerfile:1.7
#3 DONE 1.0s

#4 [app-2] docker-image://docker.io/docker/dockerfile:1.7@sha256:a57df69d0ea827fb7266491f2813635de6f17269be881f696fbfdf2d83dda33e
#4 CACHED

#5 [app-1 internal] load build definition from Dockerfile
#5 transferring dockerfile: 608B done
#5 DONE 0.0s

#6 [app-2 internal] load build definition from Dockerfile
#6 transferring dockerfile: 608B done
#6 DONE 0.0s

#7 [app internal] load build definition from Dockerfile
#7 transferring dockerfile: 608B done
#7 DONE 0.0s

#8 [app internal] load metadata for docker.io/library/eclipse-temurin:21-jdk
#8 DONE 0.9s

#9 [app-1 internal] load metadata for docker.io/library/eclipse-temurin:21-jre
#9 DONE 0.9s

#10 [app internal] load .dockerignore
#10 transferring context: 245B done
#10 DONE 0.0s

#11 [app-1 internal] load .dockerignore
#11 transferring context: 245B done
#11 DONE 0.0s

#12 [app-2 internal] load .dockerignore
#12 transferring context: 245B done
#12 DONE 0.1s

#13 [app-2 build 1/9] FROM docker.io/library/eclipse-temurin:21-jdk@sha256:b9142586f9712700c6c9e07adcedfb18608b1a3a056e4001423a3354adfa9d80
#13 DONE 0.0s

#14 [app-2 runtime 1/3] FROM docker.io/library/eclipse-temurin:21-jre@sha256:010e0a06bd4e0184dec58626afb3ba727b42c56c91b977e2f0a9e0837e0fa3fb
#14 DONE 0.0s

#15 [app internal] load build context
#15 transferring context: 8.90kB done
#15 DONE 0.0s

#16 [app-1 internal] load build context
#16 transferring context: 8.90kB done
#16 DONE 0.0s

#17 [app-2 internal] load build context
#17 transferring context: 8.90kB done
#17 DONE 0.1s

#18 [app build 9/9] RUN --mount=type=cache,target=/root/.m2 ./mvnw -DskipTests package
#18 CACHED

#19 [app build 4/9] COPY .mvn .mvn
#19 CACHED

#20 [app build 6/9] RUN chmod +x mvnw
#20 CACHED

#21 [app build 3/9] COPY mvnw mvnw
#21 CACHED

#22 [app build 2/9] WORKDIR /workspace
#22 CACHED

#23 [app build 7/9] RUN --mount=type=cache,target=/root/.m2 ./mvnw -DskipTests dependency:go-offline
#23 CACHED

#24 [app build 8/9] COPY src src
#24 CACHED

#25 [app build 5/9] COPY pom.xml pom.xml
#25 CACHED

#26 [app-2 runtime 2/3] WORKDIR /app
#26 CACHED

#27 [app-2 runtime 3/3] COPY --from=build /workspace/target/parallel-cart-0.0.1-SNAPSHOT.jar app.jar
#27 CACHED

#28 [app-1] exporting to image
#28 exporting layers done
#28 writing image sha256:9b06d1100c65f3bab8ea800055eea22933512750984c337c683ee9c892f71def 0.0s done
#28 naming to docker.io/library/parallel-cart-app-1 0.0s done
#28 DONE 0.0s

#29 [app-2] exporting to image
#29 exporting layers done
#29 writing image sha256:c059c291ac4589de1fad5d0a897c16281168a6e93f89d178a179f018527f9a53 0.0s done
#29 naming to docker.io/library/parallel-cart-app-2 0.0s done
#29 DONE 0.1s

#30 [app] exporting to image
#30 exporting layers done
#30 writing image sha256:44722153fb4d5dd8c90d04274ba2bc71ed2429d4746ebe650d39a9786ad11e6d 0.0s done
#30 naming to docker.io/library/parallel-cart-app 0.0s done
#30 DONE 0.0s

#31 [app-1] resolving provenance for metadata file
#31 DONE 0.1s

#32 [app-2] resolving provenance for metadata file
#32 DONE 0.0s

#33 [app] resolving provenance for metadata file
#33 DONE 0.0s
 Image parallel-cart-app-2 Built 
 Image parallel-cart-app-1 Built 
 Image parallel-cart-app Built 
 Network parallel-cart_default Creating 
 Network parallel-cart_default Created 
 Volume parallel-cart_redis_data Creating 
 Volume parallel-cart_redis_data Created 
 Volume parallel-cart_kafka_data Creating 
 Volume parallel-cart_kafka_data Created 
 Volume parallel-cart_postgres_data Creating 
 Volume parallel-cart_postgres_data Created 
 Container parallel-cart-zookeeper Creating 
 Container parallel-cart-postgres Creating 
 Container parallel-cart-redis Creating 
 Container parallel-cart-redis Created 
 Container parallel-cart-postgres Created 
 Container parallel-cart-zookeeper Created 
 Container parallel-cart-kafka Creating 
 Container parallel-cart-kafka Created 
 Container parallel-cart-app-1 Creating 
 Container parallel-cart-app Creating 
 Container parallel-cart-app-2 Creating 
 Container parallel-cart-app Created 
 Container parallel-cart-app-1 Created 
 Container parallel-cart-app-2 Created 
 Container parallel-cart-nginx Creating 
 Container parallel-cart-nginx Created 
 Container parallel-cart-zookeeper Starting 
 Container parallel-cart-postgres Starting 
 Container parallel-cart-redis Starting 
 Container parallel-cart-zookeeper Started 
 Container parallel-cart-kafka Starting 
 Container parallel-cart-redis Started 
 Container parallel-cart-postgres Started 
 Container parallel-cart-kafka Started 
 Container parallel-cart-redis Waiting 
 Container parallel-cart-kafka Waiting 
 Container parallel-cart-postgres Waiting 
 Container parallel-cart-kafka Waiting 
 Container parallel-cart-postgres Waiting 
 Container parallel-cart-redis Waiting 
 Container parallel-cart-kafka Waiting 
 Container parallel-cart-postgres Waiting 
 Container parallel-cart-redis Waiting 
 Container parallel-cart-redis Healthy 
 Container parallel-cart-postgres Healthy 
 Container parallel-cart-redis Healthy 
 Container parallel-cart-postgres Healthy 
 Container parallel-cart-postgres Healthy 
 Container parallel-cart-redis Healthy 
 Container parallel-cart-kafka Healthy 
 Container parallel-cart-app-2 Starting 
 Container parallel-cart-kafka Healthy 
 Container parallel-cart-app-1 Starting 
 Container parallel-cart-kafka Healthy 
 Container parallel-cart-app Starting 
 Container parallel-cart-app-2 Started 
 Container parallel-cart-app-1 Started 
 Container parallel-cart-nginx Starting 
 Container parallel-cart-app Started 
 Container parallel-cart-nginx Started 

[load-balanced]
requests=40
success=40
failed=0
success_rate=100.00%
avg_latency_seconds=0.0072
instance_count[app-1]=18
instance_count[app-2]=22
unique_instances_in_load_mode=2
[ok] load distribution evidence written to reports/interviews/first-thursday/ft1-r5-load-distribution.log
