20:40:40.198 [main] INFO org.springframework.test.context.support.AnnotationConfigContextLoaderUtils -- Could not detect default configuration classes for test class [com.parallelcart.CheckoutCapacityBypassBaselineTest]: CheckoutCapacityBypassBaselineTest does not declare any static, non-private, non-final, nested classes annotated with @Configuration.
20:40:40.248 [main] INFO org.springframework.boot.test.context.SpringBootTestContextBootstrapper -- Found @SpringBootConfiguration com.parallelcart.ParallelCartApplication for test class com.parallelcart.CheckoutCapacityBypassBaselineTest

  .   ____          _            __ _ _
 /\\ / ___'_ __ _ _(_)_ __  __ _ \ \ \ \
( ( )\___ | '_ | '_| | '_ \/ _` | \ \ \ \
 \\/  ___)| |_)| | | | | || (_| |  ) ) ) )
  '  |____| .__|_| |_|_| |_\__, | / / / /
 =========|_|==============|___/=/_/_/_/

 :: Spring Boot ::               (v3.5.14)

2026-05-18T20:40:40.470+03:00  INFO 486469 --- [parallel-cart] [           main] c.p.CheckoutCapacityBypassBaselineTest   : Starting CheckoutCapacityBypassBaselineTest using Java 21.0.10 with PID 486469 (started by teto in /home/teto/dev_code/parallel-cart)
2026-05-18T20:40:40.471+03:00  INFO 486469 --- [parallel-cart] [           main] c.p.CheckoutCapacityBypassBaselineTest   : The following 1 profile is active: "test"
2026-05-18T20:40:40.995+03:00  INFO 486469 --- [parallel-cart] [           main] .s.d.r.c.RepositoryConfigurationDelegate : Multiple Spring Data modules found, entering strict repository configuration mode
2026-05-18T20:40:40.995+03:00  INFO 486469 --- [parallel-cart] [           main] .s.d.r.c.RepositoryConfigurationDelegate : Bootstrapping Spring Data JPA repositories in DEFAULT mode.
2026-05-18T20:40:41.086+03:00  INFO 486469 --- [parallel-cart] [           main] .s.d.r.c.RepositoryConfigurationDelegate : Finished Spring Data repository scanning in 83 ms. Found 12 JPA repository interfaces.
2026-05-18T20:40:41.096+03:00  INFO 486469 --- [parallel-cart] [           main] .s.d.r.c.RepositoryConfigurationDelegate : Multiple Spring Data modules found, entering strict repository configuration mode
2026-05-18T20:40:41.097+03:00  INFO 486469 --- [parallel-cart] [           main] .s.d.r.c.RepositoryConfigurationDelegate : Bootstrapping Spring Data Redis repositories in DEFAULT mode.
2026-05-18T20:40:41.113+03:00  INFO 486469 --- [parallel-cart] [           main] .RepositoryConfigurationExtensionSupport : Spring Data Redis - Could not safely identify store assignment for repository candidate interface com.parallelcart.infra.repository.BatchJobCheckpointRepository; If you want this repository to be a Redis repository, consider annotating your entities with one of these annotations: org.springframework.data.redis.core.RedisHash (preferred), or consider extending one of the following types with your repository: org.springframework.data.keyvalue.repository.KeyValueRepository
2026-05-18T20:40:41.114+03:00  INFO 486469 --- [parallel-cart] [           main] .RepositoryConfigurationExtensionSupport : Spring Data Redis - Could not safely identify store assignment for repository candidate interface com.parallelcart.infra.repository.CartItemRepository; If you want this repository to be a Redis repository, consider annotating your entities with one of these annotations: org.springframework.data.redis.core.RedisHash (preferred), or consider extending one of the following types with your repository: org.springframework.data.keyvalue.repository.KeyValueRepository
2026-05-18T20:40:41.114+03:00  INFO 486469 --- [parallel-cart] [           main] .RepositoryConfigurationExtensionSupport : Spring Data Redis - Could not safely identify store assignment for repository candidate interface com.parallelcart.infra.repository.CartRepository; If you want this repository to be a Redis repository, consider annotating your entities with one of these annotations: org.springframework.data.redis.core.RedisHash (preferred), or consider extending one of the following types with your repository: org.springframework.data.keyvalue.repository.KeyValueRepository
2026-05-18T20:40:41.114+03:00  INFO 486469 --- [parallel-cart] [           main] .RepositoryConfigurationExtensionSupport : Spring Data Redis - Could not safely identify store assignment for repository candidate interface com.parallelcart.infra.repository.DailySalesAggregateRepository; If you want this repository to be a Redis repository, consider annotating your entities with one of these annotations: org.springframework.data.redis.core.RedisHash (preferred), or consider extending one of the following types with your repository: org.springframework.data.keyvalue.repository.KeyValueRepository
2026-05-18T20:40:41.115+03:00  INFO 486469 --- [parallel-cart] [           main] .RepositoryConfigurationExtensionSupport : Spring Data Redis - Could not safely identify store assignment for repository candidate interface com.parallelcart.infra.repository.InventoryRepository; If you want this repository to be a Redis repository, consider annotating your entities with one of these annotations: org.springframework.data.redis.core.RedisHash (preferred), or consider extending one of the following types with your repository: org.springframework.data.keyvalue.repository.KeyValueRepository
2026-05-18T20:40:41.115+03:00  INFO 486469 --- [parallel-cart] [           main] .RepositoryConfigurationExtensionSupport : Spring Data Redis - Could not safely identify store assignment for repository candidate interface com.parallelcart.infra.repository.InvoiceRepository; If you want this repository to be a Redis repository, consider annotating your entities with one of these annotations: org.springframework.data.redis.core.RedisHash (preferred), or consider extending one of the following types with your repository: org.springframework.data.keyvalue.repository.KeyValueRepository
2026-05-18T20:40:41.115+03:00  INFO 486469 --- [parallel-cart] [           main] .RepositoryConfigurationExtensionSupport : Spring Data Redis - Could not safely identify store assignment for repository candidate interface com.parallelcart.infra.repository.NotificationLogRepository; If you want this repository to be a Redis repository, consider annotating your entities with one of these annotations: org.springframework.data.redis.core.RedisHash (preferred), or consider extending one of the following types with your repository: org.springframework.data.keyvalue.repository.KeyValueRepository
2026-05-18T20:40:41.116+03:00  INFO 486469 --- [parallel-cart] [           main] .RepositoryConfigurationExtensionSupport : Spring Data Redis - Could not safely identify store assignment for repository candidate interface com.parallelcart.infra.repository.OrderRepository; If you want this repository to be a Redis repository, consider annotating your entities with one of these annotations: org.springframework.data.redis.core.RedisHash (preferred), or consider extending one of the following types with your repository: org.springframework.data.keyvalue.repository.KeyValueRepository
2026-05-18T20:40:41.116+03:00  INFO 486469 --- [parallel-cart] [           main] .RepositoryConfigurationExtensionSupport : Spring Data Redis - Could not safely identify store assignment for repository candidate interface com.parallelcart.infra.repository.OutboxEventRepository; If you want this repository to be a Redis repository, consider annotating your entities with one of these annotations: org.springframework.data.redis.core.RedisHash (preferred), or consider extending one of the following types with your repository: org.springframework.data.keyvalue.repository.KeyValueRepository
2026-05-18T20:40:41.116+03:00  INFO 486469 --- [parallel-cart] [           main] .RepositoryConfigurationExtensionSupport : Spring Data Redis - Could not safely identify store assignment for repository candidate interface com.parallelcart.infra.repository.PaymentRepository; If you want this repository to be a Redis repository, consider annotating your entities with one of these annotations: org.springframework.data.redis.core.RedisHash (preferred), or consider extending one of the following types with your repository: org.springframework.data.keyvalue.repository.KeyValueRepository
2026-05-18T20:40:41.117+03:00  INFO 486469 --- [parallel-cart] [           main] .RepositoryConfigurationExtensionSupport : Spring Data Redis - Could not safely identify store assignment for repository candidate interface com.parallelcart.infra.repository.ProductRepository; If you want this repository to be a Redis repository, consider annotating your entities with one of these annotations: org.springframework.data.redis.core.RedisHash (preferred), or consider extending one of the following types with your repository: org.springframework.data.keyvalue.repository.KeyValueRepository
2026-05-18T20:40:41.117+03:00  INFO 486469 --- [parallel-cart] [           main] .RepositoryConfigurationExtensionSupport : Spring Data Redis - Could not safely identify store assignment for repository candidate interface com.parallelcart.infra.repository.UserRepository; If you want this repository to be a Redis repository, consider annotating your entities with one of these annotations: org.springframework.data.redis.core.RedisHash (preferred), or consider extending one of the following types with your repository: org.springframework.data.keyvalue.repository.KeyValueRepository
2026-05-18T20:40:41.117+03:00  INFO 486469 --- [parallel-cart] [           main] .s.d.r.c.RepositoryConfigurationDelegate : Finished Spring Data repository scanning in 11 ms. Found 0 Redis repository interfaces.
2026-05-18T20:40:41.468+03:00  INFO 486469 --- [parallel-cart] [           main] o.hibernate.jpa.internal.util.LogHelper  : HHH000204: Processing PersistenceUnitInfo [name: default]
2026-05-18T20:40:41.506+03:00  INFO 486469 --- [parallel-cart] [           main] org.hibernate.Version                    : HHH000412: Hibernate ORM core version 6.6.49.Final
2026-05-18T20:40:41.526+03:00  INFO 486469 --- [parallel-cart] [           main] o.h.c.internal.RegionFactoryInitiator    : HHH000026: Second-level cache disabled
2026-05-18T20:40:41.648+03:00  INFO 486469 --- [parallel-cart] [           main] o.s.o.j.p.SpringPersistenceUnitInfo      : No LoadTimeWeaver setup: ignoring JPA class transformer
2026-05-18T20:40:41.659+03:00  INFO 486469 --- [parallel-cart] [           main] com.zaxxer.hikari.HikariDataSource       : HikariPool-1 - Starting...
2026-05-18T20:40:41.742+03:00  INFO 486469 --- [parallel-cart] [           main] com.zaxxer.hikari.pool.HikariPool        : HikariPool-1 - Added connection conn0: url=jdbc:h2:mem:parallelcart_test user=SA
2026-05-18T20:40:41.743+03:00  INFO 486469 --- [parallel-cart] [           main] com.zaxxer.hikari.HikariDataSource       : HikariPool-1 - Start completed.
2026-05-18T20:40:41.766+03:00  INFO 486469 --- [parallel-cart] [           main] org.hibernate.orm.connections.pooling    : HHH10001005: Database info:
	Database JDBC URL [Connecting through datasource 'HikariDataSource (HikariPool-1)']
	Database driver: undefined/unknown
	Database version: 2.3.232
	Autocommit mode: undefined/unknown
	Isolation level: undefined/unknown
	Minimum pool size: undefined/unknown
	Maximum pool size: undefined/unknown
2026-05-18T20:40:42.329+03:00  INFO 486469 --- [parallel-cart] [           main] o.h.e.t.j.p.i.JtaPlatformInitiator       : HHH000489: No JTA platform available (set 'hibernate.transaction.jta.platform' to enable JTA platform integration)
2026-05-18T20:40:42.366+03:00  INFO 486469 --- [parallel-cart] [           main] j.LocalContainerEntityManagerFactoryBean : Initialized JPA EntityManagerFactory for persistence unit 'default'
2026-05-18T20:40:42.556+03:00  INFO 486469 --- [parallel-cart] [           main] o.s.d.j.r.query.QueryEnhancerFactory     : Hibernate is in classpath; If applicable, HQL parser will be used.
2026-05-18T20:40:42.938+03:00  WARN 486469 --- [parallel-cart] [           main] .s.s.UserDetailsServiceAutoConfiguration : 

Using generated security password: 878efb73-ed90-43c8-94f1-599a40da8f2e

This generated password is for development use only. Your security configuration must be updated before running your application in production.

2026-05-18T20:40:42.942+03:00  INFO 486469 --- [parallel-cart] [           main] r$InitializeUserDetailsManagerConfigurer : Global AuthenticationManager configured with UserDetailsService bean with name inMemoryUserDetailsManager
2026-05-18T20:40:43.277+03:00  INFO 486469 --- [parallel-cart] [           main] o.s.b.a.e.web.EndpointLinksResolver      : Exposing 3 endpoints beneath base path '/actuator'
2026-05-18T20:40:43.647+03:00  INFO 486469 --- [parallel-cart] [           main] c.p.CheckoutCapacityBypassBaselineTest   : Started CheckoutCapacityBypassBaselineTest in 3.331 seconds (process running for 3.77)
Capacity baseline summary: buyers=10, successes=10, rejections=0, finalInventory=0
2026-05-18T20:40:44.280+03:00  INFO 486469 --- [parallel-cart] [           main] t.c.s.AnnotationConfigContextLoaderUtils : Could not detect default configuration classes for test class [com.parallelcart.CheckoutCapacityControlTest]: CheckoutCapacityControlTest does not declare any static, non-private, non-final, nested classes annotated with @Configuration.
2026-05-18T20:40:44.281+03:00  INFO 486469 --- [parallel-cart] [           main] .b.t.c.SpringBootTestContextBootstrapper : Found @SpringBootConfiguration com.parallelcart.ParallelCartApplication for test class com.parallelcart.CheckoutCapacityControlTest

  .   ____          _            __ _ _
 /\\ / ___'_ __ _ _(_)_ __  __ _ \ \ \ \
( ( )\___ | '_ | '_| | '_ \/ _` | \ \ \ \
 \\/  ___)| |_)| | | | | || (_| |  ) ) ) )
  '  |____| .__|_| |_|_| |_\__, | / / / /
 =========|_|==============|___/=/_/_/_/

 :: Spring Boot ::               (v3.5.14)

2026-05-18T20:40:44.315+03:00  INFO 486469 --- [parallel-cart] [           main] c.p.CheckoutCapacityControlTest          : Starting CheckoutCapacityControlTest using Java 21.0.10 with PID 486469 (started by teto in /home/teto/dev_code/parallel-cart)
2026-05-18T20:40:44.315+03:00  INFO 486469 --- [parallel-cart] [           main] c.p.CheckoutCapacityControlTest          : The following 1 profile is active: "test"
2026-05-18T20:40:44.470+03:00  INFO 486469 --- [parallel-cart] [           main] .s.d.r.c.RepositoryConfigurationDelegate : Multiple Spring Data modules found, entering strict repository configuration mode
2026-05-18T20:40:44.470+03:00  INFO 486469 --- [parallel-cart] [           main] .s.d.r.c.RepositoryConfigurationDelegate : Bootstrapping Spring Data JPA repositories in DEFAULT mode.
2026-05-18T20:40:44.478+03:00  INFO 486469 --- [parallel-cart] [           main] .s.d.r.c.RepositoryConfigurationDelegate : Finished Spring Data repository scanning in 7 ms. Found 12 JPA repository interfaces.
2026-05-18T20:40:44.480+03:00  INFO 486469 --- [parallel-cart] [           main] .s.d.r.c.RepositoryConfigurationDelegate : Multiple Spring Data modules found, entering strict repository configuration mode
2026-05-18T20:40:44.481+03:00  INFO 486469 --- [parallel-cart] [           main] .s.d.r.c.RepositoryConfigurationDelegate : Bootstrapping Spring Data Redis repositories in DEFAULT mode.
2026-05-18T20:40:44.483+03:00  INFO 486469 --- [parallel-cart] [           main] .RepositoryConfigurationExtensionSupport : Spring Data Redis - Could not safely identify store assignment for repository candidate interface com.parallelcart.infra.repository.BatchJobCheckpointRepository; If you want this repository to be a Redis repository, consider annotating your entities with one of these annotations: org.springframework.data.redis.core.RedisHash (preferred), or consider extending one of the following types with your repository: org.springframework.data.keyvalue.repository.KeyValueRepository
2026-05-18T20:40:44.483+03:00  INFO 486469 --- [parallel-cart] [           main] .RepositoryConfigurationExtensionSupport : Spring Data Redis - Could not safely identify store assignment for repository candidate interface com.parallelcart.infra.repository.CartItemRepository; If you want this repository to be a Redis repository, consider annotating your entities with one of these annotations: org.springframework.data.redis.core.RedisHash (preferred), or consider extending one of the following types with your repository: org.springframework.data.keyvalue.repository.KeyValueRepository
2026-05-18T20:40:44.483+03:00  INFO 486469 --- [parallel-cart] [           main] .RepositoryConfigurationExtensionSupport : Spring Data Redis - Could not safely identify store assignment for repository candidate interface com.parallelcart.infra.repository.CartRepository; If you want this repository to be a Redis repository, consider annotating your entities with one of these annotations: org.springframework.data.redis.core.RedisHash (preferred), or consider extending one of the following types with your repository: org.springframework.data.keyvalue.repository.KeyValueRepository
2026-05-18T20:40:44.483+03:00  INFO 486469 --- [parallel-cart] [           main] .RepositoryConfigurationExtensionSupport : Spring Data Redis - Could not safely identify store assignment for repository candidate interface com.parallelcart.infra.repository.DailySalesAggregateRepository; If you want this repository to be a Redis repository, consider annotating your entities with one of these annotations: org.springframework.data.redis.core.RedisHash (preferred), or consider extending one of the following types with your repository: org.springframework.data.keyvalue.repository.KeyValueRepository
2026-05-18T20:40:44.483+03:00  INFO 486469 --- [parallel-cart] [           main] .RepositoryConfigurationExtensionSupport : Spring Data Redis - Could not safely identify store assignment for repository candidate interface com.parallelcart.infra.repository.InventoryRepository; If you want this repository to be a Redis repository, consider annotating your entities with one of these annotations: org.springframework.data.redis.core.RedisHash (preferred), or consider extending one of the following types with your repository: org.springframework.data.keyvalue.repository.KeyValueRepository
2026-05-18T20:40:44.483+03:00  INFO 486469 --- [parallel-cart] [           main] .RepositoryConfigurationExtensionSupport : Spring Data Redis - Could not safely identify store assignment for repository candidate interface com.parallelcart.infra.repository.InvoiceRepository; If you want this repository to be a Redis repository, consider annotating your entities with one of these annotations: org.springframework.data.redis.core.RedisHash (preferred), or consider extending one of the following types with your repository: org.springframework.data.keyvalue.repository.KeyValueRepository
2026-05-18T20:40:44.483+03:00  INFO 486469 --- [parallel-cart] [           main] .RepositoryConfigurationExtensionSupport : Spring Data Redis - Could not safely identify store assignment for repository candidate interface com.parallelcart.infra.repository.NotificationLogRepository; If you want this repository to be a Redis repository, consider annotating your entities with one of these annotations: org.springframework.data.redis.core.RedisHash (preferred), or consider extending one of the following types with your repository: org.springframework.data.keyvalue.repository.KeyValueRepository
2026-05-18T20:40:44.483+03:00  INFO 486469 --- [parallel-cart] [           main] .RepositoryConfigurationExtensionSupport : Spring Data Redis - Could not safely identify store assignment for repository candidate interface com.parallelcart.infra.repository.OrderRepository; If you want this repository to be a Redis repository, consider annotating your entities with one of these annotations: org.springframework.data.redis.core.RedisHash (preferred), or consider extending one of the following types with your repository: org.springframework.data.keyvalue.repository.KeyValueRepository
2026-05-18T20:40:44.483+03:00  INFO 486469 --- [parallel-cart] [           main] .RepositoryConfigurationExtensionSupport : Spring Data Redis - Could not safely identify store assignment for repository candidate interface com.parallelcart.infra.repository.OutboxEventRepository; If you want this repository to be a Redis repository, consider annotating your entities with one of these annotations: org.springframework.data.redis.core.RedisHash (preferred), or consider extending one of the following types with your repository: org.springframework.data.keyvalue.repository.KeyValueRepository
2026-05-18T20:40:44.483+03:00  INFO 486469 --- [parallel-cart] [           main] .RepositoryConfigurationExtensionSupport : Spring Data Redis - Could not safely identify store assignment for repository candidate interface com.parallelcart.infra.repository.PaymentRepository; If you want this repository to be a Redis repository, consider annotating your entities with one of these annotations: org.springframework.data.redis.core.RedisHash (preferred), or consider extending one of the following types with your repository: org.springframework.data.keyvalue.repository.KeyValueRepository
2026-05-18T20:40:44.483+03:00  INFO 486469 --- [parallel-cart] [           main] .RepositoryConfigurationExtensionSupport : Spring Data Redis - Could not safely identify store assignment for repository candidate interface com.parallelcart.infra.repository.ProductRepository; If you want this repository to be a Redis repository, consider annotating your entities with one of these annotations: org.springframework.data.redis.core.RedisHash (preferred), or consider extending one of the following types with your repository: org.springframework.data.keyvalue.repository.KeyValueRepository
2026-05-18T20:40:44.483+03:00  INFO 486469 --- [parallel-cart] [           main] .RepositoryConfigurationExtensionSupport : Spring Data Redis - Could not safely identify store assignment for repository candidate interface com.parallelcart.infra.repository.UserRepository; If you want this repository to be a Redis repository, consider annotating your entities with one of these annotations: org.springframework.data.redis.core.RedisHash (preferred), or consider extending one of the following types with your repository: org.springframework.data.keyvalue.repository.KeyValueRepository
2026-05-18T20:40:44.483+03:00  INFO 486469 --- [parallel-cart] [           main] .s.d.r.c.RepositoryConfigurationDelegate : Finished Spring Data repository scanning in 2 ms. Found 0 Redis repository interfaces.
2026-05-18T20:40:44.536+03:00  INFO 486469 --- [parallel-cart] [           main] o.hibernate.jpa.internal.util.LogHelper  : HHH000204: Processing PersistenceUnitInfo [name: default]
2026-05-18T20:40:44.537+03:00  INFO 486469 --- [parallel-cart] [           main] o.h.c.internal.RegionFactoryInitiator    : HHH000026: Second-level cache disabled
2026-05-18T20:40:44.541+03:00  INFO 486469 --- [parallel-cart] [           main] o.s.o.j.p.SpringPersistenceUnitInfo      : No LoadTimeWeaver setup: ignoring JPA class transformer
2026-05-18T20:40:44.541+03:00  INFO 486469 --- [parallel-cart] [           main] com.zaxxer.hikari.HikariDataSource       : HikariPool-2 - Starting...
2026-05-18T20:40:44.542+03:00  INFO 486469 --- [parallel-cart] [           main] com.zaxxer.hikari.pool.HikariPool        : HikariPool-2 - Added connection conn10: url=jdbc:h2:mem:parallelcart_test user=SA
2026-05-18T20:40:44.542+03:00  INFO 486469 --- [parallel-cart] [           main] com.zaxxer.hikari.HikariDataSource       : HikariPool-2 - Start completed.
2026-05-18T20:40:44.543+03:00  INFO 486469 --- [parallel-cart] [           main] org.hibernate.orm.connections.pooling    : HHH10001005: Database info:
	Database JDBC URL [Connecting through datasource 'HikariDataSource (HikariPool-2)']
	Database driver: undefined/unknown
	Database version: 2.3.232
	Autocommit mode: undefined/unknown
	Isolation level: undefined/unknown
	Minimum pool size: undefined/unknown
	Maximum pool size: undefined/unknown
2026-05-18T20:40:44.596+03:00  INFO 486469 --- [parallel-cart] [           main] o.h.e.t.j.p.i.JtaPlatformInitiator       : HHH000489: No JTA platform available (set 'hibernate.transaction.jta.platform' to enable JTA platform integration)
2026-05-18T20:40:44.610+03:00  INFO 486469 --- [parallel-cart] [           main] j.LocalContainerEntityManagerFactoryBean : Initialized JPA EntityManagerFactory for persistence unit 'default'
2026-05-18T20:40:44.691+03:00  WARN 486469 --- [parallel-cart] [           main] .s.s.UserDetailsServiceAutoConfiguration : 

Using generated security password: 274a927e-b636-41cb-9fe7-647ff45b9108

This generated password is for development use only. Your security configuration must be updated before running your application in production.

2026-05-18T20:40:44.692+03:00  INFO 486469 --- [parallel-cart] [           main] r$InitializeUserDetailsManagerConfigurer : Global AuthenticationManager configured with UserDetailsService bean with name inMemoryUserDetailsManager
2026-05-18T20:40:44.744+03:00  INFO 486469 --- [parallel-cart] [           main] o.s.b.a.e.web.EndpointLinksResolver      : Exposing 3 endpoints beneath base path '/actuator'
2026-05-18T20:40:44.856+03:00  INFO 486469 --- [parallel-cart] [           main] c.p.CheckoutCapacityControlTest          : Started CheckoutCapacityControlTest in 0.573 seconds (process running for 4.979)
Capacity test summary: buyers=10, successes=1, rejections=9, finalInventory=49
2026-05-18T20:40:44.973+03:00  INFO 486469 --- [parallel-cart] [           main] t.c.s.AnnotationConfigContextLoaderUtils : Could not detect default configuration classes for test class [com.parallelcart.CheckoutCapacityHttp429Test]: CheckoutCapacityHttp429Test does not declare any static, non-private, non-final, nested classes annotated with @Configuration.
2026-05-18T20:40:44.974+03:00  INFO 486469 --- [parallel-cart] [           main] .b.t.c.SpringBootTestContextBootstrapper : Found @SpringBootConfiguration com.parallelcart.ParallelCartApplication for test class com.parallelcart.CheckoutCapacityHttp429Test

  .   ____          _            __ _ _
 /\\ / ___'_ __ _ _(_)_ __  __ _ \ \ \ \
( ( )\___ | '_ | '_| | '_ \/ _` | \ \ \ \
 \\/  ___)| |_)| | | | | || (_| |  ) ) ) )
  '  |____| .__|_| |_|_| |_\__, | / / / /
 =========|_|==============|___/=/_/_/_/

 :: Spring Boot ::               (v3.5.14)

2026-05-18T20:40:44.999+03:00  INFO 486469 --- [parallel-cart] [           main] c.p.CheckoutCapacityHttp429Test          : Starting CheckoutCapacityHttp429Test using Java 21.0.10 with PID 486469 (started by teto in /home/teto/dev_code/parallel-cart)
2026-05-18T20:40:44.999+03:00  INFO 486469 --- [parallel-cart] [           main] c.p.CheckoutCapacityHttp429Test          : The following 1 profile is active: "test"
2026-05-18T20:40:45.108+03:00  INFO 486469 --- [parallel-cart] [           main] .s.d.r.c.RepositoryConfigurationDelegate : Multiple Spring Data modules found, entering strict repository configuration mode
2026-05-18T20:40:45.108+03:00  INFO 486469 --- [parallel-cart] [           main] .s.d.r.c.RepositoryConfigurationDelegate : Bootstrapping Spring Data JPA repositories in DEFAULT mode.
2026-05-18T20:40:45.122+03:00  INFO 486469 --- [parallel-cart] [           main] .s.d.r.c.RepositoryConfigurationDelegate : Finished Spring Data repository scanning in 12 ms. Found 12 JPA repository interfaces.
2026-05-18T20:40:45.124+03:00  INFO 486469 --- [parallel-cart] [           main] .s.d.r.c.RepositoryConfigurationDelegate : Multiple Spring Data modules found, entering strict repository configuration mode
2026-05-18T20:40:45.124+03:00  INFO 486469 --- [parallel-cart] [           main] .s.d.r.c.RepositoryConfigurationDelegate : Bootstrapping Spring Data Redis repositories in DEFAULT mode.
2026-05-18T20:40:45.127+03:00  INFO 486469 --- [parallel-cart] [           main] .RepositoryConfigurationExtensionSupport : Spring Data Redis - Could not safely identify store assignment for repository candidate interface com.parallelcart.infra.repository.BatchJobCheckpointRepository; If you want this repository to be a Redis repository, consider annotating your entities with one of these annotations: org.springframework.data.redis.core.RedisHash (preferred), or consider extending one of the following types with your repository: org.springframework.data.keyvalue.repository.KeyValueRepository
2026-05-18T20:40:45.128+03:00  INFO 486469 --- [parallel-cart] [           main] .RepositoryConfigurationExtensionSupport : Spring Data Redis - Could not safely identify store assignment for repository candidate interface com.parallelcart.infra.repository.CartItemRepository; If you want this repository to be a Redis repository, consider annotating your entities with one of these annotations: org.springframework.data.redis.core.RedisHash (preferred), or consider extending one of the following types with your repository: org.springframework.data.keyvalue.repository.KeyValueRepository
2026-05-18T20:40:45.128+03:00  INFO 486469 --- [parallel-cart] [           main] .RepositoryConfigurationExtensionSupport : Spring Data Redis - Could not safely identify store assignment for repository candidate interface com.parallelcart.infra.repository.CartRepository; If you want this repository to be a Redis repository, consider annotating your entities with one of these annotations: org.springframework.data.redis.core.RedisHash (preferred), or consider extending one of the following types with your repository: org.springframework.data.keyvalue.repository.KeyValueRepository
2026-05-18T20:40:45.128+03:00  INFO 486469 --- [parallel-cart] [           main] .RepositoryConfigurationExtensionSupport : Spring Data Redis - Could not safely identify store assignment for repository candidate interface com.parallelcart.infra.repository.DailySalesAggregateRepository; If you want this repository to be a Redis repository, consider annotating your entities with one of these annotations: org.springframework.data.redis.core.RedisHash (preferred), or consider extending one of the following types with your repository: org.springframework.data.keyvalue.repository.KeyValueRepository
2026-05-18T20:40:45.128+03:00  INFO 486469 --- [parallel-cart] [           main] .RepositoryConfigurationExtensionSupport : Spring Data Redis - Could not safely identify store assignment for repository candidate interface com.parallelcart.infra.repository.InventoryRepository; If you want this repository to be a Redis repository, consider annotating your entities with one of these annotations: org.springframework.data.redis.core.RedisHash (preferred), or consider extending one of the following types with your repository: org.springframework.data.keyvalue.repository.KeyValueRepository
2026-05-18T20:40:45.128+03:00  INFO 486469 --- [parallel-cart] [           main] .RepositoryConfigurationExtensionSupport : Spring Data Redis - Could not safely identify store assignment for repository candidate interface com.parallelcart.infra.repository.InvoiceRepository; If you want this repository to be a Redis repository, consider annotating your entities with one of these annotations: org.springframework.data.redis.core.RedisHash (preferred), or consider extending one of the following types with your repository: org.springframework.data.keyvalue.repository.KeyValueRepository
2026-05-18T20:40:45.128+03:00  INFO 486469 --- [parallel-cart] [           main] .RepositoryConfigurationExtensionSupport : Spring Data Redis - Could not safely identify store assignment for repository candidate interface com.parallelcart.infra.repository.NotificationLogRepository; If you want this repository to be a Redis repository, consider annotating your entities with one of these annotations: org.springframework.data.redis.core.RedisHash (preferred), or consider extending one of the following types with your repository: org.springframework.data.keyvalue.repository.KeyValueRepository
2026-05-18T20:40:45.128+03:00  INFO 486469 --- [parallel-cart] [           main] .RepositoryConfigurationExtensionSupport : Spring Data Redis - Could not safely identify store assignment for repository candidate interface com.parallelcart.infra.repository.OrderRepository; If you want this repository to be a Redis repository, consider annotating your entities with one of these annotations: org.springframework.data.redis.core.RedisHash (preferred), or consider extending one of the following types with your repository: org.springframework.data.keyvalue.repository.KeyValueRepository
2026-05-18T20:40:45.128+03:00  INFO 486469 --- [parallel-cart] [           main] .RepositoryConfigurationExtensionSupport : Spring Data Redis - Could not safely identify store assignment for repository candidate interface com.parallelcart.infra.repository.OutboxEventRepository; If you want this repository to be a Redis repository, consider annotating your entities with one of these annotations: org.springframework.data.redis.core.RedisHash (preferred), or consider extending one of the following types with your repository: org.springframework.data.keyvalue.repository.KeyValueRepository
2026-05-18T20:40:45.128+03:00  INFO 486469 --- [parallel-cart] [           main] .RepositoryConfigurationExtensionSupport : Spring Data Redis - Could not safely identify store assignment for repository candidate interface com.parallelcart.infra.repository.PaymentRepository; If you want this repository to be a Redis repository, consider annotating your entities with one of these annotations: org.springframework.data.redis.core.RedisHash (preferred), or consider extending one of the following types with your repository: org.springframework.data.keyvalue.repository.KeyValueRepository
2026-05-18T20:40:45.128+03:00  INFO 486469 --- [parallel-cart] [           main] .RepositoryConfigurationExtensionSupport : Spring Data Redis - Could not safely identify store assignment for repository candidate interface com.parallelcart.infra.repository.ProductRepository; If you want this repository to be a Redis repository, consider annotating your entities with one of these annotations: org.springframework.data.redis.core.RedisHash (preferred), or consider extending one of the following types with your repository: org.springframework.data.keyvalue.repository.KeyValueRepository
2026-05-18T20:40:45.128+03:00  INFO 486469 --- [parallel-cart] [           main] .RepositoryConfigurationExtensionSupport : Spring Data Redis - Could not safely identify store assignment for repository candidate interface com.parallelcart.infra.repository.UserRepository; If you want this repository to be a Redis repository, consider annotating your entities with one of these annotations: org.springframework.data.redis.core.RedisHash (preferred), or consider extending one of the following types with your repository: org.springframework.data.keyvalue.repository.KeyValueRepository
2026-05-18T20:40:45.129+03:00  INFO 486469 --- [parallel-cart] [           main] .s.d.r.c.RepositoryConfigurationDelegate : Finished Spring Data repository scanning in 3 ms. Found 0 Redis repository interfaces.
2026-05-18T20:40:45.203+03:00  INFO 486469 --- [parallel-cart] [           main] o.s.b.w.embedded.tomcat.TomcatWebServer  : Tomcat initialized with port 0 (http)
2026-05-18T20:40:45.209+03:00  INFO 486469 --- [parallel-cart] [           main] o.apache.catalina.core.StandardService   : Starting service [Tomcat]
2026-05-18T20:40:45.209+03:00  INFO 486469 --- [parallel-cart] [           main] o.apache.catalina.core.StandardEngine    : Starting Servlet engine: [Apache Tomcat/10.1.54]
2026-05-18T20:40:45.229+03:00  INFO 486469 --- [parallel-cart] [           main] o.a.c.c.C.[Tomcat].[localhost].[/]       : Initializing Spring embedded WebApplicationContext
2026-05-18T20:40:45.230+03:00  INFO 486469 --- [parallel-cart] [           main] w.s.c.ServletWebServerApplicationContext : Root WebApplicationContext: initialization completed in 229 ms
2026-05-18T20:40:45.272+03:00  INFO 486469 --- [parallel-cart] [           main] o.hibernate.jpa.internal.util.LogHelper  : HHH000204: Processing PersistenceUnitInfo [name: default]
2026-05-18T20:40:45.273+03:00  INFO 486469 --- [parallel-cart] [           main] o.h.c.internal.RegionFactoryInitiator    : HHH000026: Second-level cache disabled
2026-05-18T20:40:45.276+03:00  INFO 486469 --- [parallel-cart] [           main] o.s.o.j.p.SpringPersistenceUnitInfo      : No LoadTimeWeaver setup: ignoring JPA class transformer
2026-05-18T20:40:45.276+03:00  INFO 486469 --- [parallel-cart] [           main] com.zaxxer.hikari.HikariDataSource       : HikariPool-3 - Starting...
2026-05-18T20:40:45.277+03:00  INFO 486469 --- [parallel-cart] [           main] com.zaxxer.hikari.pool.HikariPool        : HikariPool-3 - Added connection conn20: url=jdbc:h2:mem:parallelcart_test user=SA
2026-05-18T20:40:45.277+03:00  INFO 486469 --- [parallel-cart] [           main] com.zaxxer.hikari.HikariDataSource       : HikariPool-3 - Start completed.
2026-05-18T20:40:45.277+03:00  INFO 486469 --- [parallel-cart] [           main] org.hibernate.orm.connections.pooling    : HHH10001005: Database info:
	Database JDBC URL [Connecting through datasource 'HikariDataSource (HikariPool-3)']
	Database driver: undefined/unknown
	Database version: 2.3.232
	Autocommit mode: undefined/unknown
	Isolation level: undefined/unknown
	Minimum pool size: undefined/unknown
	Maximum pool size: undefined/unknown
2026-05-18T20:40:45.336+03:00  INFO 486469 --- [parallel-cart] [           main] o.h.e.t.j.p.i.JtaPlatformInitiator       : HHH000489: No JTA platform available (set 'hibernate.transaction.jta.platform' to enable JTA platform integration)
2026-05-18T20:40:45.349+03:00  INFO 486469 --- [parallel-cart] [           main] j.LocalContainerEntityManagerFactoryBean : Initialized JPA EntityManagerFactory for persistence unit 'default'
2026-05-18T20:40:45.435+03:00  WARN 486469 --- [parallel-cart] [           main] .s.s.UserDetailsServiceAutoConfiguration : 

Using generated security password: 0a924a59-c4c3-487b-b911-629ccfda7a2e

This generated password is for development use only. Your security configuration must be updated before running your application in production.

2026-05-18T20:40:45.436+03:00  INFO 486469 --- [parallel-cart] [           main] r$InitializeUserDetailsManagerConfigurer : Global AuthenticationManager configured with UserDetailsService bean with name inMemoryUserDetailsManager
2026-05-18T20:40:45.498+03:00  INFO 486469 --- [parallel-cart] [           main] o.s.b.a.e.web.EndpointLinksResolver      : Exposing 3 endpoints beneath base path '/actuator'
2026-05-18T20:40:45.653+03:00  INFO 486469 --- [parallel-cart] [           main] o.s.b.w.embedded.tomcat.TomcatWebServer  : Tomcat started on port 33153 (http) with context path '/'
2026-05-18T20:40:45.655+03:00  INFO 486469 --- [parallel-cart] [           main] c.p.CheckoutCapacityHttp429Test          : Started CheckoutCapacityHttp429Test in 0.679 seconds (process running for 5.778)
2026-05-18T20:40:45.878+03:00  INFO 486469 --- [parallel-cart] [-auto-1-exec-20] o.a.c.c.C.[Tomcat].[localhost].[/]       : Initializing Spring DispatcherServlet 'dispatcherServlet'
2026-05-18T20:40:45.878+03:00  INFO 486469 --- [parallel-cart] [-auto-1-exec-20] o.s.web.servlet.DispatcherServlet        : Initializing Servlet 'dispatcherServlet'
2026-05-18T20:40:45.879+03:00  INFO 486469 --- [parallel-cart] [-auto-1-exec-20] o.s.web.servlet.DispatcherServlet        : Completed initialization in 1 ms
Capacity HTTP summary: buyers=24, status200=1, status429=23, otherStatus=0
