Unsafe baseline summary: initialStock=5, buyers=12, successes=12, failures=0, finalInventory=4, oversold=true
20:40:01.067 [main] INFO org.springframework.test.context.support.AnnotationConfigContextLoaderUtils -- Could not detect default configuration classes for test class [com.parallelcart.CheckoutConcurrencyRaceConditionTest]: CheckoutConcurrencyRaceConditionTest does not declare any static, non-private, non-final, nested classes annotated with @Configuration.
20:40:01.125 [main] INFO org.springframework.boot.test.context.SpringBootTestContextBootstrapper -- Found @SpringBootConfiguration com.parallelcart.ParallelCartApplication for test class com.parallelcart.CheckoutConcurrencyRaceConditionTest

  .   ____          _            __ _ _
 /\\ / ___'_ __ _ _(_)_ __  __ _ \ \ \ \
( ( )\___ | '_ | '_| | '_ \/ _` | \ \ \ \
 \\/  ___)| |_)| | | | | || (_| |  ) ) ) )
  '  |____| .__|_| |_|_| |_\__, | / / / /
 =========|_|==============|___/=/_/_/_/

 :: Spring Boot ::               (v3.5.14)

2026-05-18T20:40:01.337+03:00  INFO 485763 --- [parallel-cart] [           main] c.p.CheckoutConcurrencyRaceConditionTest : Starting CheckoutConcurrencyRaceConditionTest using Java 21.0.10 with PID 485763 (started by teto in /home/teto/dev_code/parallel-cart)
2026-05-18T20:40:01.338+03:00  INFO 485763 --- [parallel-cart] [           main] c.p.CheckoutConcurrencyRaceConditionTest : The following 1 profile is active: "test"
2026-05-18T20:40:01.809+03:00  INFO 485763 --- [parallel-cart] [           main] .s.d.r.c.RepositoryConfigurationDelegate : Multiple Spring Data modules found, entering strict repository configuration mode
2026-05-18T20:40:01.810+03:00  INFO 485763 --- [parallel-cart] [           main] .s.d.r.c.RepositoryConfigurationDelegate : Bootstrapping Spring Data JPA repositories in DEFAULT mode.
2026-05-18T20:40:01.892+03:00  INFO 485763 --- [parallel-cart] [           main] .s.d.r.c.RepositoryConfigurationDelegate : Finished Spring Data repository scanning in 76 ms. Found 12 JPA repository interfaces.
2026-05-18T20:40:01.906+03:00  INFO 485763 --- [parallel-cart] [           main] .s.d.r.c.RepositoryConfigurationDelegate : Multiple Spring Data modules found, entering strict repository configuration mode
2026-05-18T20:40:01.907+03:00  INFO 485763 --- [parallel-cart] [           main] .s.d.r.c.RepositoryConfigurationDelegate : Bootstrapping Spring Data Redis repositories in DEFAULT mode.
2026-05-18T20:40:01.920+03:00  INFO 485763 --- [parallel-cart] [           main] .RepositoryConfigurationExtensionSupport : Spring Data Redis - Could not safely identify store assignment for repository candidate interface com.parallelcart.infra.repository.BatchJobCheckpointRepository; If you want this repository to be a Redis repository, consider annotating your entities with one of these annotations: org.springframework.data.redis.core.RedisHash (preferred), or consider extending one of the following types with your repository: org.springframework.data.keyvalue.repository.KeyValueRepository
2026-05-18T20:40:01.920+03:00  INFO 485763 --- [parallel-cart] [           main] .RepositoryConfigurationExtensionSupport : Spring Data Redis - Could not safely identify store assignment for repository candidate interface com.parallelcart.infra.repository.CartItemRepository; If you want this repository to be a Redis repository, consider annotating your entities with one of these annotations: org.springframework.data.redis.core.RedisHash (preferred), or consider extending one of the following types with your repository: org.springframework.data.keyvalue.repository.KeyValueRepository
2026-05-18T20:40:01.920+03:00  INFO 485763 --- [parallel-cart] [           main] .RepositoryConfigurationExtensionSupport : Spring Data Redis - Could not safely identify store assignment for repository candidate interface com.parallelcart.infra.repository.CartRepository; If you want this repository to be a Redis repository, consider annotating your entities with one of these annotations: org.springframework.data.redis.core.RedisHash (preferred), or consider extending one of the following types with your repository: org.springframework.data.keyvalue.repository.KeyValueRepository
2026-05-18T20:40:01.921+03:00  INFO 485763 --- [parallel-cart] [           main] .RepositoryConfigurationExtensionSupport : Spring Data Redis - Could not safely identify store assignment for repository candidate interface com.parallelcart.infra.repository.DailySalesAggregateRepository; If you want this repository to be a Redis repository, consider annotating your entities with one of these annotations: org.springframework.data.redis.core.RedisHash (preferred), or consider extending one of the following types with your repository: org.springframework.data.keyvalue.repository.KeyValueRepository
2026-05-18T20:40:01.921+03:00  INFO 485763 --- [parallel-cart] [           main] .RepositoryConfigurationExtensionSupport : Spring Data Redis - Could not safely identify store assignment for repository candidate interface com.parallelcart.infra.repository.InventoryRepository; If you want this repository to be a Redis repository, consider annotating your entities with one of these annotations: org.springframework.data.redis.core.RedisHash (preferred), or consider extending one of the following types with your repository: org.springframework.data.keyvalue.repository.KeyValueRepository
2026-05-18T20:40:01.921+03:00  INFO 485763 --- [parallel-cart] [           main] .RepositoryConfigurationExtensionSupport : Spring Data Redis - Could not safely identify store assignment for repository candidate interface com.parallelcart.infra.repository.InvoiceRepository; If you want this repository to be a Redis repository, consider annotating your entities with one of these annotations: org.springframework.data.redis.core.RedisHash (preferred), or consider extending one of the following types with your repository: org.springframework.data.keyvalue.repository.KeyValueRepository
2026-05-18T20:40:01.921+03:00  INFO 485763 --- [parallel-cart] [           main] .RepositoryConfigurationExtensionSupport : Spring Data Redis - Could not safely identify store assignment for repository candidate interface com.parallelcart.infra.repository.NotificationLogRepository; If you want this repository to be a Redis repository, consider annotating your entities with one of these annotations: org.springframework.data.redis.core.RedisHash (preferred), or consider extending one of the following types with your repository: org.springframework.data.keyvalue.repository.KeyValueRepository
2026-05-18T20:40:01.921+03:00  INFO 485763 --- [parallel-cart] [           main] .RepositoryConfigurationExtensionSupport : Spring Data Redis - Could not safely identify store assignment for repository candidate interface com.parallelcart.infra.repository.OrderRepository; If you want this repository to be a Redis repository, consider annotating your entities with one of these annotations: org.springframework.data.redis.core.RedisHash (preferred), or consider extending one of the following types with your repository: org.springframework.data.keyvalue.repository.KeyValueRepository
2026-05-18T20:40:01.921+03:00  INFO 485763 --- [parallel-cart] [           main] .RepositoryConfigurationExtensionSupport : Spring Data Redis - Could not safely identify store assignment for repository candidate interface com.parallelcart.infra.repository.OutboxEventRepository; If you want this repository to be a Redis repository, consider annotating your entities with one of these annotations: org.springframework.data.redis.core.RedisHash (preferred), or consider extending one of the following types with your repository: org.springframework.data.keyvalue.repository.KeyValueRepository
2026-05-18T20:40:01.921+03:00  INFO 485763 --- [parallel-cart] [           main] .RepositoryConfigurationExtensionSupport : Spring Data Redis - Could not safely identify store assignment for repository candidate interface com.parallelcart.infra.repository.PaymentRepository; If you want this repository to be a Redis repository, consider annotating your entities with one of these annotations: org.springframework.data.redis.core.RedisHash (preferred), or consider extending one of the following types with your repository: org.springframework.data.keyvalue.repository.KeyValueRepository
2026-05-18T20:40:01.922+03:00  INFO 485763 --- [parallel-cart] [           main] .RepositoryConfigurationExtensionSupport : Spring Data Redis - Could not safely identify store assignment for repository candidate interface com.parallelcart.infra.repository.ProductRepository; If you want this repository to be a Redis repository, consider annotating your entities with one of these annotations: org.springframework.data.redis.core.RedisHash (preferred), or consider extending one of the following types with your repository: org.springframework.data.keyvalue.repository.KeyValueRepository
2026-05-18T20:40:01.922+03:00  INFO 485763 --- [parallel-cart] [           main] .RepositoryConfigurationExtensionSupport : Spring Data Redis - Could not safely identify store assignment for repository candidate interface com.parallelcart.infra.repository.UserRepository; If you want this repository to be a Redis repository, consider annotating your entities with one of these annotations: org.springframework.data.redis.core.RedisHash (preferred), or consider extending one of the following types with your repository: org.springframework.data.keyvalue.repository.KeyValueRepository
2026-05-18T20:40:01.922+03:00  INFO 485763 --- [parallel-cart] [           main] .s.d.r.c.RepositoryConfigurationDelegate : Finished Spring Data repository scanning in 6 ms. Found 0 Redis repository interfaces.
2026-05-18T20:40:02.329+03:00  INFO 485763 --- [parallel-cart] [           main] o.hibernate.jpa.internal.util.LogHelper  : HHH000204: Processing PersistenceUnitInfo [name: default]
2026-05-18T20:40:02.352+03:00  INFO 485763 --- [parallel-cart] [           main] org.hibernate.Version                    : HHH000412: Hibernate ORM core version 6.6.49.Final
2026-05-18T20:40:02.375+03:00  INFO 485763 --- [parallel-cart] [           main] o.h.c.internal.RegionFactoryInitiator    : HHH000026: Second-level cache disabled
2026-05-18T20:40:02.490+03:00  INFO 485763 --- [parallel-cart] [           main] o.s.o.j.p.SpringPersistenceUnitInfo      : No LoadTimeWeaver setup: ignoring JPA class transformer
2026-05-18T20:40:02.506+03:00  INFO 485763 --- [parallel-cart] [           main] com.zaxxer.hikari.HikariDataSource       : HikariPool-1 - Starting...
2026-05-18T20:40:02.590+03:00  INFO 485763 --- [parallel-cart] [           main] com.zaxxer.hikari.pool.HikariPool        : HikariPool-1 - Added connection conn0: url=jdbc:h2:mem:parallelcart_test user=SA
2026-05-18T20:40:02.591+03:00  INFO 485763 --- [parallel-cart] [           main] com.zaxxer.hikari.HikariDataSource       : HikariPool-1 - Start completed.
2026-05-18T20:40:02.621+03:00  INFO 485763 --- [parallel-cart] [           main] org.hibernate.orm.connections.pooling    : HHH10001005: Database info:
	Database JDBC URL [Connecting through datasource 'HikariDataSource (HikariPool-1)']
	Database driver: undefined/unknown
	Database version: 2.3.232
	Autocommit mode: undefined/unknown
	Isolation level: undefined/unknown
	Minimum pool size: undefined/unknown
	Maximum pool size: undefined/unknown
2026-05-18T20:40:03.239+03:00  INFO 485763 --- [parallel-cart] [           main] o.h.e.t.j.p.i.JtaPlatformInitiator       : HHH000489: No JTA platform available (set 'hibernate.transaction.jta.platform' to enable JTA platform integration)
2026-05-18T20:40:03.279+03:00  INFO 485763 --- [parallel-cart] [           main] j.LocalContainerEntityManagerFactoryBean : Initialized JPA EntityManagerFactory for persistence unit 'default'
2026-05-18T20:40:03.479+03:00  INFO 485763 --- [parallel-cart] [           main] o.s.d.j.r.query.QueryEnhancerFactory     : Hibernate is in classpath; If applicable, HQL parser will be used.
2026-05-18T20:40:03.940+03:00  WARN 485763 --- [parallel-cart] [           main] .s.s.UserDetailsServiceAutoConfiguration : 

Using generated security password: 2c1651dd-6160-4faf-a7e9-fa1bdb79221e

This generated password is for development use only. Your security configuration must be updated before running your application in production.

2026-05-18T20:40:03.945+03:00  INFO 485763 --- [parallel-cart] [           main] r$InitializeUserDetailsManagerConfigurer : Global AuthenticationManager configured with UserDetailsService bean with name inMemoryUserDetailsManager
2026-05-18T20:40:04.343+03:00  INFO 485763 --- [parallel-cart] [           main] o.s.b.a.e.web.EndpointLinksResolver      : Exposing 3 endpoints beneath base path '/actuator'
2026-05-18T20:40:04.775+03:00  INFO 485763 --- [parallel-cart] [           main] c.p.CheckoutConcurrencyRaceConditionTest : Started CheckoutConcurrencyRaceConditionTest in 3.592 seconds (process running for 4.111)
Race test summary: initialStock=5, buyers=12, successes=2, failures=10, finalInventory=3
Race test failures (expected under contention): [ObjectOptimisticLockingFailureException: Row was updated or deleted by another transaction (or unsaved-value mapping was incorrect): [com.parallelcart.domain.model.Inventory#1], ObjectOptimisticLockingFailureException: Row was updated or deleted by another transaction (or unsaved-value mapping was incorrect): [com.parallelcart.domain.model.Inventory#1], ObjectOptimisticLockingFailureException: Row was updated or deleted by another transaction (or unsaved-value mapping was incorrect): [com.parallelcart.domain.model.Inventory#1], ObjectOptimisticLockingFailureException: Row was updated or deleted by another transaction (or unsaved-value mapping was incorrect): [com.parallelcart.domain.model.Inventory#1], ObjectOptimisticLockingFailureException: Row was updated or deleted by another transaction (or unsaved-value mapping was incorrect): [com.parallelcart.domain.model.Inventory#1], ObjectOptimisticLockingFailureException: Row was updated or deleted by another transaction (or unsaved-value mapping was incorrect): [com.parallelcart.domain.model.Inventory#1], ObjectOptimisticLockingFailureException: Row was updated or deleted by another transaction (or unsaved-value mapping was incorrect): [com.parallelcart.domain.model.Inventory#1], ObjectOptimisticLockingFailureException: Row was updated or deleted by another transaction (or unsaved-value mapping was incorrect): [com.parallelcart.domain.model.Inventory#1], ObjectOptimisticLockingFailureException: Row was updated or deleted by another transaction (or unsaved-value mapping was incorrect): [com.parallelcart.domain.model.Inventory#1], ObjectOptimisticLockingFailureException: Row was updated or deleted by another transaction (or unsaved-value mapping was incorrect): [com.parallelcart.domain.model.Inventory#1]]
